[    0.00000] Initializng cgroup subsys cpuset
[    0.000000] Initializing cgroup subsys cpu
[    0.000000] Initializing cgroup subsys cpuacct
[    0.000000] Linux version 4.4.0-141-generic (buildd@lcy01-amd64-006) (gcc version 5.4.0 20160609 (Ubuntu 5.4.0-6ubuntu1~16.04.10) ) #167-Ubuntu SMP Wed Dec 5 10:40:15 UTC 2018 (Ubuntu 4.4.0-141.167-generic 4.4.162)
[    0.000000] Command line: BOOT_IMAGE=/boot/vmlinuz-4.4.0-141-geeric oot=LABEL=cloudimg-rootfs ro console=tty1 console=ttyS0
[    0.000000] KERNEL supported cpus:
[    0.000000]   Intel GenuineIntel
[    0.000000]   AMD AuthenticAMD
[    0.000000]   Centaur CentaurHauls
[    0.000000] x86/fpu: xstate_offset[2]:  576, xstate_sizes[2]:  256
[    0.000000] x86/fpu: Supporting XSAVE feture 0x01: 'x87 floating point registers'
[    0.000000] x86/fpu: Supporting XSAVE feature 0x02: 'SSE registers'
[    0.000000] x86/fpu: Supporting XSAVE feature 0x04: 'AVX registers'
[    0.000000] x86/fpu: Enabled xstate features 0x7, context size is 832 bytes, using 'standard' format.
[    0.000000] e820: BIOS-provided physical RAM map:
[    0.000000] BIOS-e820: [mem 0x0000000000000000-0x000000000009fbff] usable
[    0.000000] BIOS-e820: [mem 0x000000000009fc00-0x000000000009ffff] reserved
[    0.000000] BIOS-e820: [mem 0x00000000000f0000-0x00000000000fffff] reserved
[    0.000000] BIOS-e820: [mem 0x0000000000100000-0x000000003ffeffff] usable
[    0.000000] BIOS-e820: [mem 0x000000003fff0000-0x000000003fffffff] ACPI data
[    0.000000] BIOS-e820: [mem 0x00000000fec00000-0x00000000fec00fff] reserved
[    0.000000] BIOS-e820: [mem 0x00000000fee00000-0x00000000fee00fff] reserved
[    0.000000] BIOS-e820: [mem 0x00000000fffc0000-0x00000000ffffffff] reserved
[    0.000000] NX (Execute Disable) protection: active
[    0.000000] SMBIOS 2.5 present.
[    0.000000] Hypervisor detected: KVM
[    0.000000] e820: last_pfn = 0x3fff0 max_arch_pfn = 0x400000000
[    0.000000] MTRR: Disabled
[    0.000000] x86/PAT: MTRRs disabled, skipping PAT initialization too.
[    0.000000] CPU MTRRs all blank - virtalied system.
[   0.000000] x86/PAT: Configuatin [0-]: WB  WT  UC- UC  WB  WT  UC- UC 
[   0.000000] found SMP MP-table at [mem 0x009fff0-0x0009ffff] mapped at [ffff88000009fff0]
[    0.000000] Scanning 1 areas for low memory corruption
[    0.000000] RAMDISK: [mem 0x3630c000-0x3717dfff]
[    0.000000] ACPI: Early table checksum verification disabled
[    0.000000] ACPI: RSDP 0x00000000000E0000 000024 (v02 VBOX  )
[    0.000000] ACPI: XSDT 0x000000003FFF0030 00003C (v01 VBOX   VBOXXSDT 00000001 ASL  00000061)
[   000000] ACPI: FACP 0x00000003FFF00F0 0000F4 (v04 VBOX   VBOXFACP 00000001 ASL  00000061)
[    0.000000] ACPI: DSDT 0x000000003FFF0470 0021FF (v02 VBOX   VBOXBIOS 00000002 INTL 20100528)
[    0.000000] ACPI: FACS 0x000000003FFF0200 000040
[    0.000000] ACPI: FACS 0x000000003FFF0200 000040
    0000000 ACPI: APIC 0x000000003FFF0240 00005C (v02 VBOX   VBOXAPIC 00000001 ASL  00000061)
[    0.000000] ACPI: SSDT 0x000000003FFF02A0 0001CC (v01 VBOX   VBOXCPUT 00000002 INTL 20100528)
[    0.000000] No NUMA configuration found
[    0.000000] Faking a node at [mem 0x0000000000000000-0x000000003ffeffff]
[    0.000000] NODE_DATA(0) allocated [mem 0x3ffeb000-0x3ffeffff]
[    0.000000] kvm-clock: Using msrs 4b564d01 and 4b564d00
[    0.000000] kvm-clock: cpu 0, msr 0:3ffe3001, primary cpu clock
[    0.000000] kvm-clock: using sched offset of 5531816114 cycles
[    0.000000] clocksource: kvm-clock: mask: 0xffffffffffffffff max_cycles: 0x1cd42e4dffb, max_idle_ns: 881590591483 ns
[    0.000000] Zone ranges:
[    0.000000]   DMA      [mem 0x0000000000001000-0x0000000000ffffff]
[    0.000000]   DMA32    [mem 0x0000000001000000-0x000000003ffeffff]
[    0.000000]   Normal   empty
[    0.000000]   Device   empty
[    0.000000] Movable zone start for each node
[    0.000000] Early memory node ranges
[    0.000000]   node   0: [mem 0x0000000000001000-0x000000000009efff]
[    0.000000]   node   0: [mem 0x0000000000100000-0x000000003ffeffff]
[    0.000000] Initmem setup node 0 [mem 0x0000000000001000-0x000000003ffeffff]
[    0.000000] ACPI: PM-Timer IO Port: 0x4008
[    0.000000] IOAPIC[0]: apic_id 2, version 32, address 0xfec00000, GSI 0-23
[    0.000000] ACPI: INT_SRC_OVR (bus 0 bus_irq 0 global_irq 2 dfl dfl)
[    0.000000] ACPI: NT_SRC_OVR (bus 0 bus_irq 9 global_irq 9 low level)
[    0.000000] Using ACPI (MADT) for SMP configuraation information
[    0.0000] smpoot: llowing 2 CPUs, 0 hotplug CPUs
[   0.000000] PM: Registered nosave memory: [mem 0x00000000-0x00000fff]
[    0.000000] PM: Registered nosave memory: [mem 0x0009f000-0x0009ffff]
[    0.000000] PM: Registered nosave memory: [mem 0x000a0000-0x000effff]
[    0.000000] PM: Reistred nsave memory: [mem 0x000f0000-0x00fffff]
[    0.000000] e820: [mem 0x40000000-0xfebfffff] available for PCI devices
[    0.000000] Booting paravirtualized kernel on KVM
[    0.000000] clocksource: refined-jiffies: mask: 0xffffffff max_cycles: 0xffffffff, max_idle_ns: 7645519600211568 ns
[    0.000000] setup_percpu: NR_CPUS:512 nr_cpumaskbits:512 nr_cpu_ids:2 nr_node_ids:1
[    0.000000] PERCPU: Embedded 34 pages/cpu @ffff88003fc00000 s99608 r8192 d31464 u1048576
[    0.000000] PV qspinlock hash table entries: 256 (order: 0, 496 byes)
[   0.00000] Built 1 zonelists in Node order, mobility grouping on.  Total pages: 257912
[    0.000000] Policy zone: DMA32
[    0.000000] Kernel command line: BOOT_IMAGE=/boot/vmlinuz-4.4.0-141-generic root=LABEL=cloudimg-rootfs ro console=tty1 console=ttyS0
[    0.000000] PID hash table entries: 4096 (order: , 3278 bytes)
[    .000000] Memory: 997712K/1048120K available (8568K kernel code, 1314K rwdata, 4008K rodata, 1528K init, 1316K bss, 50408K reserved, 0K cma-reserved)
[    0.000000] SLUB: HWalign=64, Order=0-3, MinObjects=0, CPUs=2, Nodes=1
[    0.000000] Kernel/User page tabbles isolation: enabled
[    0.000000] Hierarchical RCU implementation.
[    0.000000] 	Build-time adjustment of leaf fanout to 64.
[    0.000000] 	RCU restricting CPUs from NR_CPUS=512 to nr_cpu_ids=2.
[    0.000000] RCU: Adjusting geometry for rcu_fanout_leaf=64, nr_cpu_ids=2
[    0.000000] NR_IRQS:33024 nr_irqs:440 16
[    0.000000] Console: colour VGA+ 80x25
[    0.000000] console [tty1] enabled
[    0.000000] console [ttyS0] enabled
[    0.000000] tsc: Detected 2712.004 MHz processor
[    3.008925] Calibrating delay loop (skipped) preset value.. 5424.00 BogoMIPS (lpj=10848016)
[    3.017333] pid_max: default: 32768 minimum: 301
[    3.021792] ACPI: Core revision 20150930
[    3.031007] ACPI: 2 ACPI AML tables successfully acquired and loaded
[    3.037417] Security Framework initialized
[    3.041710] Yama: becoming mindful.
[    3.045389] AppArmor: AppArmor initialized
[    3.050190] Dentry cache hash table entries: 131072 (order: 8, 1048576 bytes)
[    3.072045] Inode-cache hash table entries: 65536 (order: 7, 524288 bytes)
[    3.079370] Mount-cache hash table entries: 2048 (order: 2, 16384 bytes)
[    3.085191] Mountpoint-cache hash table entries: 2048 (order: 2, 16384 bytes)
[    3.092015] Initializing cgroup subsys io
[    3.095981] Initializing cgroup subsys memory
[    3.100278] Initializing cgroup subsys devices
[    3.104414] Initializing cgroup subsys freezer
[    3.108744] Initializing cgroup subsys net_cls
[    3.113516] Initializing cgroup subsys perf_event
[    3.122344] Initializing cgroup subsys net_prio
[    3.126690] Initializing cgroup subsys hugetlb
[    3.130962] Initializing cgroup subsys pids
[    3.138341] mce: CPU supports 0 MCE banks
[    3.145514] Last level iTLB entries: 4KB 64, 2MB 8, 4MB 8
[    3.203547] Last level dTLB entries: 4KB 64, 2MB 0, 4MB 0, 1GB 4
[    3.209106] Spectre V2 : Mitigation: Full generic retpoline
[    3.235704] Spectre V2 : Spectre v2 mitigation: Speculation control IBPB not-supported IBRS not-supported
[    3.298478] Spectre V2 : Spectre v2 / SpectreRSB mitigation: Filling RSB on context switch
[    3.389227] Speculative Store Bypass: Vulnerable
[    3.467449] Freeing SMP alternatives memory: 32K
[    3.522391] ftrace: allocating 32291 entries in 127 pages
[    3.712552] smpboot: APIC(0) Converting physical 0 to logical package 0
[    3.778829] smpboot: Max logical packages: 1
[    3.845313] x2apic enabled
[    3.873831] Switched APIC routing to physical x2apic.
[    3.888323] ..TIMER: vector=0x30 apic1=0 pin1=2 apic2=-1 pin2=-1
[    4.008797] smpboot: CPU0: Intel(R) Core(TM) i5-7200U CPU @ 2.50GHz (family: 0x6, model: 0x8e, stepping: 0x9)
[    4.022455] Performance Events: unsupported p6 CPU model 142 no PMU driver, software events only.
[    4.028482] KVM setup paravirtual spinlock
[    4.032973] x86: Booting SMP configuration:
[    4.046208] .... node  #0, CPUs:      #1
[    4.054970] kvm-clock: cpu 1, msr 0:3ffe3041, secondary cpu clock
[    4.061728] mce: CPU supports 0 MCE banks
[    4.066515] x86: Booted up 1 node, 2 CPUs
[    4.083521] smpboot: Total of 2 processors activated (10848.01 BogoMIPS)
[    4.103561] devtmpfs: initialized
[    4.141021] evm: security.selinux
[    4.144369] evm: security.SMACK64
[    4.147690] evm: security.SMACK64EXEC
[    4.151493] evm: security.SMACK64TRANSMUTE
[    4.155592] evm: security.SMACK64MMAP
[    4.159347] evm: security.ima
[    4.162441] evm: security.capability
[    4.166710] clocksource: jiffies: mask: 0xffffffff max_cycles: 0xffffffff, max_idle_ns: 7645041785100000 ns
[    4.175795] futex hash table entries: 512 (order: 3, 32768 bytes)
[    4.181696] pinctrl core: initialized pinctrl subsystem
[    4.186793] RTC time:  0:40:13, date: 12/30/18
[    4.191499] NET: Registered protocol family 16
[    4.208632] cpuidle: using governor ladder
[    4.224455] cpuidle: using governor menu
[    4.228398] PCCT header not found.
[    4.232049] ACPI: bus type PCI registered
[    4.238381] acpiphp: ACPI Hot Plug PCI Controller Driver version: 0.5
[    4.243819] PCI: Using configuration type 1 for base access
[    4.262788] ACPI: Added _OSI(Module Device)
[    4.266958] ACPI: Added _OSI(Processor Device)
[    4.271244] ACPI: Added _OSI(3.0 _SCP Extensions)
[    4.275807] ACPI: Added _OSI(Processor Aggregator Device)
[    4.283131] ACPI: Executed 1 blocks of module-level executable AML code
[    4.297750] ACPI: Interpreter enabled
[    4.302741] ACPI: (supports S0 S5)
[    4.306366] ACPI: Using IOAPIC for interrupt routing
[    4.311828] PCI: Using host bridge windows from ACPI; if necessary, use "pci=nocrs" and report a bug
[    4.331522] ACPI: PCI Root Bridge [PCI0] (domain 0000 [bus 00-ff])
[    4.348646] acpi PNP0A03:00: _OSC: OS supports [ASPM ClockPM Segments MSI]
[    4.392720] acpi PNP0A03:00: _OSC: not requesting OS control; OS requires [ExtendedConfig ASPM ClockPM MSI]
[    4.438924] acpi PNP0A03:00: fail to add MMCONFIG information, can't access extended PCI configuration space under this bridge.
[    4.520741] PCI host bridge to bus 0000:00
[    4.547909] pci_bus 0000:00: root bus resource [io  0x0000-0x0cf7 window]
[    4.569350] pci_bus 0000:00: root bus resource [io  0x0d00-0xffff window]
[    4.574923] pci_bus 0000:00: root bus resource [mem 0x000a0000-0x000bffff window]
[    4.583527] pci_bus 0000:00: root bus resource [mem 0x40000000-0xfdffffff window]
[    4.649436] pci_bus 0000:00: root bus resource [bus 00-ff]
[    4.694873] pci 0000:00:01.1: legacy IDE quirk: reg 0x10: [io  0x01f0-0x01f7]
[    4.731367] pci 0000:00:01.1: legacy IDE quirk: reg 0x14: [io  0x03f6]
[    4.792030] pci 0000:00:01.1: legacy IDE quirk: reg 0x18: [io  0x0170-0x0177]
[    4.814586] pci 0000:00:01.1: legacy IDE quirk: reg 0x1c: [io  0x0376]
[    4.900241] pci 0000:00:07.0: quirk: [io  0x4000-0x403f] claimed by PIIX4 ACPI
[    4.960100] pci 0000:00:07.0: quirk: [io  0x4100-0x410f] claimed by PIIX4 SMB
[    5.019932] ACPI: PCI Interrupt Link [LNKA] (IRQs 5 9 10 *11)
[    5.037828] ACPI: PCI Interrupt Link [LNKB] (IRQs 5 9 *10 11)
[    5.058891] ACPI: PCI Interrupt Link [LNKC] (IRQs 5 *9 10 11)
[    5.086598] ACPI: PCI Interrupt Link [LNKD] (IRQs 5 9 10 *11)
[    5.103798] ACPI: Enabled 2 GPEs in block 00 to 07
[    5.126476] vgaarb: setting as boot device: PCI:0000:00:02.0
[    5.150574] vgaarb: device added: PCI:0000:00:02.0,decodes=io+mem,owns=io+mem,locks=none
[    5.172247] vgaarb: loaded
[    5.178356] vgaarb: bridge control possible 0000:00:02.0
[    5.207628] SCSI subsystem initialized
[    5.239132] ACPI: bus type USB registered
[    5.265982] usbcore: registered new interface driver usbfs
[    5.310663] usbcore: registered new interface driver hub
[    5.322954] usbcore: registered new device driver usb
[    5.337840] PCI: Using ACPI for IRQ routing
[    5.343025] NetLabel: Initializing
[    5.346544] NetLabel:  domain hash size = 128
[    5.350811] NetLabel:  protocols = UNLABELED CIPSOv4
[    5.355619] NetLabel:  unlabeled traffic allowed by default
[    5.361331] amd_nb: Cannot enumerate AMD northbridges
[    5.366221] clocksource: Switched to clocksource kvm-clock
[    5.400979] AppArmor: AppArmor Filesystem Enabled
[    5.405773] pnp: PnP ACPI init
[    5.412650] pnp: PnP ACPI: found 3 devices
[    5.439800] clocksource: acpi_pm: mask: 0xffffff max_cycles: 0xffffff, max_idle_ns: 2085701024 ns
[    5.448413] NET: Registered protocol family 2
[    5.453383] TCP established hash table entries: 8192 (order: 4, 65536 bytes)
[    5.459923] TCP bind hash table entries: 8192 (order: 5, 131072 bytes)
[    5.467707] TCP: Hash tables configured (established 8192 bind 8192)
[    5.473463] UDP hash table entries: 512 (order: 2, 16384 bytes)
[    5.478874] UDP-Lite hash table entries: 512 (order: 2, 16384 bytes)
[    5.484689] NET: Registered protocol family 1
[    5.488923] pci 0000:00:00.0: Limiting direct PCI/PCI transfers
[    5.494445] pci 0000:00:01.0: Activating ISA DMA hang workarounds
[    5.500454] Unpacking initramfs...
[    6.116430] Freeing initrd memory: 14792K
[    6.180966] platform rtc_cmos: registered platform RTC device (no PNP device found)
[    6.212429] Scanning for low memory corruption every 60 seconds
[    6.233850] audit: initializing netlink subsys (disabled)
[    6.272522] audit: type=2000 audit(1546130418.051:1): initialized
[    6.294340] Initialise system trusted keyring
[    6.297890] HugeTLB registered 2 MB page size, pre-allocated 0 pages
[    6.351653] zbud: loaded
[    6.364673] VFS: Disk quotas dquot_6.6.0
[    6.398576] VFS: Dquot-cache hash table entries: 512 (order 0, 4096 bytes)
[    6.419296] squashfs: version 4.0 (2009/01/31) Phillip Lougher
[    6.506796] fuse init (API version 7.23)
[    6.511109] Key type big_key registered
[    6.514917] Allocating IMA MOK and blacklist keyrings.
[    6.524980] Key type asymmetric registered
[    6.529022] Asymmetric key parser 'x509' registered
[    6.533686] Block layer SCSI generic (bsg) driver version 0.4 loaded (major 249)
[    6.541238] io scheduler noop registered
[    6.545103] io scheduler deadline registered (default)
[    6.550031] io scheduler cfq registered
[    6.554057] pci_hotplug: PCI Hot Plug PCI Core version: 0.5
[    6.559348] pciehp: PCI Express Hot Plug Controller Driver version: 0.4
[    6.565961] ACPI: AC Adapter [AC] (on-line)
[    6.570138] input: Power Button as /devices/LNXSYSTM:00/LNXPWRBN:00/input/input0
[    6.589025] ACPI: Power Button [PWRF]
[    6.593718] input: Sleep Button as /devices/LNXSYSTM:00/LNXSLPBN:00/input/input1
[    6.608787] ACPI: Sleep Button [SLPF]
[    6.614405] GHES: HEST is not enabled!
[    6.615840] ACPI: Battery Slot [BAT0] (battery present)
[    6.634713] Serial: 8250/16550 driver, 32 ports, IRQ sharing enabled
[    6.669163] 00:02: ttyS0 at I/O 0x3f8 (irq = 4, base_baud = 115200) is a 16550A
[    6.680240] Linux agpgart interface v0.103
[    6.691735] loop: module loaded
[    6.731911] scsi host0: ata_piix
[    6.742229] scsi host1: ata_piix
[    6.747210] ata1: PATA max UDMA/33 cmd 0x1f0 ctl 0x3f6 bmdma 0xd000 irq 14
[    6.793641] ata2: PATA max UDMA/33 cmd 0x170 ctl 0x376 bmdma 0xd008 irq 15
[    6.801885] libphy: Fixed MDIO Bus: probed
[    6.805918] tun: Universal TUN/TAP device driver, 1.6
[    6.809667] tun: (C) 1999-2004 Max Krasnyansky <maxk@qualcomm.com>
[    6.900337] PPP generic driver version 2.4.2
[    6.975128] ehci_hcd: USB 2.0 'Enhanced' Host Controller (EHCI) Driver
[    7.004341] ehci-pci: EHCI PCI platform driver
[    7.064288] ehci-platform: EHCI generic platform driver
[    7.100865] ohci_hcd: USB 1.1 'Open' Host Controller (OHCI) Driver
[    7.138198] ohci-pci: OHCI PCI platform driver
[    7.202974] tsc: Refined TSC clocksource calibration: 2713.260 MHz
[    7.208240] clocksource: tsc: mask: 0xffffffffffffffff max_cycles: 0x271c2ce4d1d, max_idle_ns: 440795311809 ns
[    7.208401] ohci-platform: OHCI generic platform driver
[    7.208427] uhci_hcd: USB Universal Host Controller Interface driver
[    7.208560] i8042: PNP: PS/2 Controller [PNP0303:PS2K,PNP0f03:PS2M] at 0x60,0x64 irq 1,12
[    7.209631] serio: i8042 KBD port at 0x60,0x64 irq 1
[    7.209642] serio: i8042 AUX port at 0x60,0x64 irq 12
[    7.283302] mousedev: PS/2 mouse device common for all mice
[    7.284041] input: AT Translated Set 2 keyboard as /devices/platform/i8042/serio0/input/input2
[    7.284914] rtc_cmos rtc_cmos: rtc core: registered rtc_cmos as rtc0
[    7.285134] rtc_cmos rtc_cmos: alarms up to one day, 114 bytes nvram
[    7.285154] i2c /dev entries driver
[    7.285274] device-mapper: uevent: version 1.0.3
[    7.285413] device-mapper: ioctl: 4.34.0-ioctl (2015-10-28) initialised: dm-devel@redhat.com
[    7.285515] ledtrig-cpu: registered to indicate activity on CPUs
[    7.286246] NET: Registered protocol family 10
[    7.286818] NET: Registered protocol family 17
[    7.286844] Key type dns_resolver registered
[    7.287465] registered taskstats version 1
[    7.287496] Loading compiled-in X.509 certificates
[    7.288866] Loaded X.509 cert 'Build time autogenerated kernel key: 7c9fb337b82e5a343493fe891c556beae1895c7c'
[    7.288912] zswap: loaded using pool lzo/zbud
[    7.292792] Key type trusted registered
[    7.299890] Key type encrypted registered
[    7.299901] AppArmor: AppArmor sha1 policy hashing enabled
[    7.299906] ima: No TPM chip found, activating TPM-bypass!
[    7.299916] ima: Allocated hash algorithm: sha1
[    7.299946] evm: HMAC attrs: 0x1
[    7.300641]   Magic number: 14:421:659
[    7.301563] rtc_cmos rtc_cmos: setting system clock to 2018-12-30 00:40:16 UTC (1546130416)
[    7.301730] BIOS EDD facility v0.16 2004-Jun-25, 0 devices found
[    7.301731] EDD information not available.
[    7.722848] Freeing unused kernel memory: 1528K
[    8.469506] Write protecting the kernel read-only data: 14336k
[    8.589586] Freeing unused kernel memory: 1660K
[    8.594786] Freeing unused kernel memory: 88K
Loading, please wait...
starting version 229
[    8.638393] random: systemd-udevd: uninitialized urandom read (16 bytes read, 7 bits of entropy available)
[    8.638974] random: udevadm: uninitialized urandom read (16 bytes read, 7 bits of entropy available)
[    8.639019] random: udevadm: uninitialized urandom read (16 bytes read, 7 bits of entropy available)
[    8.662046] random: udevadm: uninitialized urandom read (16 bytes read, 7 bits of entropy available)
[    8.662153] random: udevadm: uninitialized urandom read (16 bytes read, 7 bits of entropy available)
[    8.662632] random: udevadm: uninitialized urandom read (16 bytes read, 7 bits of entropy available)
[    8.662757] random: udevadm: uninitialized urandom read (16 bytes read, 7 bits of entropy available)
[    8.662921] random: udevadm: uninitialized urandom read (16 bytes read, 7 bits of entropy available)
[    8.663056] random: udevadm: uninitialized urandom read (16 bytes read, 7 bits of entropy available)
[    8.663174] random: udevadm: uninitialized urandom read (16 bytes read, 7 bits of entropy available)
[    8.844901] e1000: Intel(R) PRO/1000 Network Driver - version 7.3.21-k8-NAPI
[    8.852793] e1000: Copyright (c) 1999-2006 Intel Corporation.
[    8.880843] Fusion MPT base driver 3.04.20
[    8.891606] Copyright (c) 1999-2008 LSI Corporation
[    8.975876] AVX2 version of gcm_enc/dec engaged.
[    8.986067] AES CTR mode by8 optimization enabled
[    9.026895] Fusion MPT SPI Host driver 3.04.20
[    9.115346] input: ImExPS/2 Generic Explorer Mouse as /devices/platform/i8042/serio1/input/input4
[    9.493253] e1000 0000:00:03.0 eth0: (PCI:33MHz:32-bit) 02:f2:ad:b6:19:8d
[    9.530844] e1000 0000:00:03.0 eth0: Intel(R) PRO/1000 Network Connection
[    9.550065] mptbase: ioc0: Initiating bringup
[    9.552195] e1000 0000:00:03.0 enp0s3: renamed from eth0
[    9.777984] ioc0: LSI53C1030 A0: Capabilities={Initiator}
[   11.320248] scsi host2: ioc0: LSI53C1030 A0, FwRev=00000000h, Ports=1, MaxQ=256, IRQ=20
[   11.535387] scsi 2:0:0:0: Direct-Access     VBOX     HARDDISK         1.0  PQ: 0 ANSI: 5
[   11.602433] scsi target2:0:0: Beginning Domain Validation
[   11.613718] scsi target2:0:0: Domain Validation skipping write tests
[   11.755867] scsi target2:0:0: Ending Domain Validation
[   11.805498] scsi target2:0:0: asynchronous
[   11.834056] scsi 2:0:1:0: Direct-Access     VBOX     HARDDISK         1.0  PQ: 0 ANSI: 5
[   11.939329] scsi target2:0:1: Beginning Domain Validation
[   11.951346] scsi target2:0:1: Domain Validation skipping write tests
[   11.984400] scsi target2:0:1: Ending Domain Validation
[   12.069045] scsi target2:0:1: asynchronous
[   12.141311] sd 2:0:0:0: [sda] 20971520 512-byte logical blocks: (10.7 GB/10.0 GiB)
[   12.141455] sd 2:0:0:0: Attached scsi generic sg0 type 0
[   12.155900] sd 2:0:1:0: Attached scsi generic sg1 type 0
[   12.161803] sd 2:0:1:0: [sdb] 20480 512-byte logical blocks: (10.5 MB/10.0 MiB)
[   12.162089] sd 2:0:0:0: [sda] Write Protect is off
[   12.162473] sd 2:0:0:0: [sda] Incomplete mode parameter data
[   12.162477] sd 2:0:0:0: [sda] Assuming drive cache: write through
[   12.210256]  sda: sda1
[   12.213518] sd 2:0:0:0: [sda] Attached SCSI disk
[   12.265518] sd 2:0:1:0: [sdb] Write Protect is off
[   12.295693] sd 2:0:1:0: [sdb] Incomplete mode parameter data
[   12.321769] sd 2:0:1:0: [sdb] Assuming drive cache: write through
[   12.421342] sd 2:0:1:0: [sdb] Attached SCSI disk
Begin: Loading essential drivers ... [   14.631319] md: linear personality registered for level -1
[   14.674204] md: multipath personality registered for level -4
[   14.700703] md: raid0 personality registered for level 0
[   14.734133] md: raid1 personality registered for level 1
[   14.834732] raid6: sse2x1   gen()  3920 MB/s
[   14.902638] raid6: sse2x1   xor()  2497 MB/s
[   14.970619] raid6: sse2x2   gen()  4708 MB/s
[   15.062383] raid6: sse2x2   xor()  3542 MB/s
[   15.182409] raid6: sse2x4   gen()  6004 MB/s
[   15.274673] raid6: sse2x4   xor()  4001 MB/s
[   15.382360] raid6: avx2x1   gen()  8299 MB/s
[   15.470636] raid6: avx2x2   gen()  9602 MB/s
[   15.542509] raid6: avx2x4   gen() 10533 MB/s
[   15.587494] raid6: using algorithm avx2x4 gen() 10533 MB/s
[   15.592619] raid6: using avx2x2 recovery algorithm
[   15.605549] xor: automatically using best checksumming function:
[   15.646253]    avx       :  8873.000 MB/sec
[   15.669141] async_tx: api initialized (async)
[   15.725463] md: raid6 personality registered for level 6
[   15.765055] md: raid5 personality registered for level 5
[   15.789189] md: raid4 personality registered for level 4
[   15.850447] md: raid10 personality registered for level 10
done.
Begin: Running /scripts/init-premount ... done.
Begin: Mounting root file system ... Begin: Running /scripts/local-top ... done.
Begin: Running /scripts/local-premount ... [   15.939140] Btrfs loaded
Scanning for Btrfs filesystems
done.
Warning: fsck not present, so skipping root file system
[   16.036832] EXT4-fs (sda1): mounted filesystem with ordered data mode. Opts: (null)
done.
Begin: Running /scripts/local-bottom ... done.
Begin: Running /scripts/init-bottom ... done.
[   16.312600] systemd[1]: systemd 229 running in system mode. (+PAM +AUDIT +SELINUX +IMA +APPARMOR +SMACK +SYSVINIT +UTMP +LIBCRYPTSETUP +GCRYPT +GNUTLS +ACL +XZ -LZ4 +SECCOMP +BLKID +ELFUTILS +KMOD -IDN)
[   16.396873] systemd[1]: Detected virtualization oracle.
[   16.433289] systemd[1]: Detected architecture x86-64.

Welcome to [1mUbuntu 16.04.5 LTS[0m!

[   16.472244] systemd[1]: Set hostname to <ubuntu-xenial>.
[  16.84014] systemd[1]: [/lib/systemd/system/datadog-agent.srvic:5Unknown lvalue 'StartLimitIntervalSec' isection 'Unit'

[   17.285529] systemd[1]: [/lib/systemd/system/datadog-agent-trace.service:5] Unknown lvalue 'StartLimitIntervalSec' in section 'Unit'
[   17.297934] random: nonblocking pool is initialied
[   17.42515] ystemd[1]: [/lib/systemd/system/datadog-agent-process.service:5] Unknown lvalue 'StartLimitIntervalSec' in section 'Unit'
[   1.621744] systemd[1]: Listening on udev Kernl ckt.
[[0;32m  OK  [0m] Listening on udev Kernel Socket.
[   17.917980] systemd[1]: Started Trigger resolvconf update for networkd DNS.
[[0;32m  OK  [0m] Started Trigger resolvconf update for networkd DNS.
[   17.930908] systemd[1]: Listening on udev Control Socket.
[[0;32m  OK  [0m] Listening on udev Control Socket.
[   17.941563] systemd[1]: Started Forward Password Requests to Wall Directory Watch.
[[0;32m  OK  [0m] Started Forward Password Requests to Wall Directory Watch.
[   17.956191] systemd[1]: Set up automount Arbitrary Executable File Formats File System Automount Point.
[[0;32m  OK  [0m] Set up automount Arbitrary Executab...ats File System Automount Point.
[   17.972602] systemd[1]: Listening on Journal Socket (/dev/log).
[[0;32m  OK  [0m] Listening on Journal Socket (/dev/log).
[   17.984015] systemd[1]: Listening on LVM2 poll daemon socket.
[[0;32m  OK  [0m] Listening on LVM2 poll daemon socket.
[   17.995181] systemd[1]: Reached target System Time Synchronized.
[[0;32m  OK  [0m] Reached target System Time Synchronized.
[   18.006703] systemd[1]: Listening on Syslog Socket.
[[0;32m  OK  [0m] Listening on Syslog Socket.
[   18.015878] systemd[1]: Listening on Device-mapper event daemon FIFOs.
[[0;32m  OK  [0m] Listening on Device-mapper event daemon FIFOs.
[  18.028452] systemd[1]: Listening on Journal Audit Socket.
[[0;32m  OK  [0m] Listening on Journal Audit Socket.
[   18.087368] systemd[1]: Listening on /dev/initctl Compatibility Named Pipe.
[[0;32m  OK  [0m] Listening on /dev/initctl Compatibility Named Pipe.
[   18.100933] systemd[1]: Created slice System Slice.
[[0;32m  OK  [0m] Created slice System Slice.
[   18.111507] systemd[1]: Created slice system-serial\x2dgetty.slice.
[[0;32m  OK  [0m] Created slice system-serial\x2dgetty.slice.
[   18.123355] systemd[1]: Reached target User and Group Name Lookups.
[[0;32m  OK  [0m] Reached target User and Group Name Lookups.
[   18.134995] systemd[1]: Reached target Swap.
[[0;32m  OK  [0m] Reached target Swap.
[   18.144132] systemd[1]: Listening on Journal Socket.
[[0;32m  OK  [0m] Listening on Journal Socket.

[   18.170684] systemd[1]: Starting Load Kernel Modules...
         Starting Load Kernel Modules...
[   18.188823] systemd[1]: Starting Set console keymap...
         Starting Set console keymap...
[   18.208342] systemd[1]: Starting Journal Service...
         Starting Journal Service...
[   18.231080] Loading iSCSI transport class v2.0-870.
[   18.233800] systemd[1]: Starting Remount Root and Kernel File Systems...
         Starting Remount Root and Kernel File Systems...
[   18.255665] EXT4-fs (sda1): re-mounted. Opts: (null)
[   18.282490] systemd[1]: Mounting Debug File System...
[   18.287610] iscsi: registered transport (tcp)
         Mounting Debug File System...
[   18.298729] systemd[1]: Starting Uncomplicated firewall...
         Starting Uncomplicated firewall...
[   18.327556] systemd[1]: Listening on LVM2 metadata daemon socket.
[[0;32m  OK  [0m] Listening on LVM2 metadata daemon socket.
[   18.355045] systemd[1]: Starting Monitoring of LVM2 mirrors, snapshots etc. using dmeventd or progress polling...
         Starting Monitoring of LVM2 mirrors... dmeventd or progress polling...
[   18.380333] systemd[1]: Mounting POSIX Message Queue File System...
         Mounting POSIX Message Queue File System...
[   18.398856] systemd[1]: Reached target Encrypted Volumes.
[[0;32m  OK  [0m] Reached target Encrypted Volumes.
[   18.444860] systemd[1]: Created slice User and Session Slice.
[[0;32m  OK  [0m] Created slice User and Session Slice.
[   18.463879] iscsi: registered transport (iser)
[   18.474919] systemd[1]: Mounting Huge Pages File System...
         Mounting Huge Pages File System...
[   18.489292] systemd[1]: Starting Nameserver information manager...
         Starting Nameserver information manager...
[   18.512016] systemd[1]: Starting Create list of required static device nodes for the current kernel...
         Starting Create list of required st... nodes for the current kernel...
[   18.543724] systemd[1]: Reached target Slices.
[[0;32m  OK  [0m] Reached target Slices.
[   18.573542] systemd[1]: Mounted POSIX Message Queue File System.
[[0;32m  OK  [0m] Mounted POSIX Message Queue File System.
[   18.588177] systemd[1]: Mounted Huge Pages File System.
[[0;32m  OK  [0m] Mounted Huge Pages File System.
[   18.613784] systemd[1]: Mounted Debug File System.
[[0;32m  OK  [0m] Mounted Debug File System.
[   18.624896] systemd[1]: Started Journal Service.
[[0;32m  OK  [0m] Started Journal Service.
[[0;32m  OK  [0m] Started Load Kernel Modules.
[[0;32m  OK  [0m] Started Set console keymap.
[[0;32m  OK  [0m] Started Remount Root and Kernel File Systems.
[[0;32m  OK  [0m] Started Uncomplicated firewall.
[[0;32m  OK  [0m] Started Create list of required sta...ce nodes for the current kernel.
[[0;32m  OK  [0m] Started Nameserver information manager.
[[0;32m  OK  [0m] Started LVM2 metadata daemon.
         Starting Create Static Device Nodes in /dev...
         Starting udev Coldplug all Devices...
         Starting Load/Save Random Seed...
         Mounting FUSE Control File System...
         Starting Apply Kernel Variables...
         Starting Flush Journal to Persistent Storage...
[[0;32m  OK  [0m] Mounted FUSE Control File System.
[[0;32m  OK  [0m] Started Create Static Device Nodes in /dev.
[[0;32m  OK  [0m] Started Load/Save Random Seed.
[[0;32m  OK  [0m] Started Monitoring of LVM2 mirrors,...ng dmeventd or progress polling.
[[0;32m  OK  [0m] Started Apply Kernel Variables.
[[0;32m  OK  [0m] Started udev Coldplug all Devices.
[[0;32m  OK  [0m] Started Flush Journal to Persistent Storage.
[[0;32m  OK  [0m] Reached target Local File Systems (Pre).
[[0;32m  OK  [0m] Reached target Local File Systems.
         Starting Initial cloud-init job (pre-networking)...
         Starting Set console font and keymap...
         Starting LSB: AppArmor initialization...
         Starting Tell Plymouth To Write Out Runtime Data...
         Starting Create Volatile Files and Directories...
         Starting udev Kernel Device Manager...
[[0;32m  OK  [0m] Started Tell Plymouth To Write Out Runtime Data.
[[0;32m  OK  [0m] Started Create Volatile Files and Directories.
         Starting Update UTMP about System Boot/Shutdown...
[[0;32m  OK  [0m] Started udev Kernel Device Manager.
[[0;32m  OK  [0m] Started Dispatch Password Requests to Console Directory Watch.
[[0;32m  OK  [0m] Started Update UTMP about System Boot/Shutdown.
[[0;32m  OK  [0m] Started LSB: AppArmor initialization.
[[0;32m  OK  [0m] Found device /dev/ttyS0.
[[0;32m  OK  [0m] Listening on Load/Save RF Kill Switch Status /dev/rfkill Watch.
[[0;32m  OK  [0m] Found device 82540EM Gigabit Ethern...r (PRO/1000 MT Desktop Adapter).
[[0;32m  OK  [0m] Started Set console font and keymap.
[[0;32m  OK  [0m] Created slice system-getty.slice.
[   18.353301] cloud-init[468]: Cloud-init v. 18.4-0ubuntu1~16.04.2 running 'init-local' at Sun, 30 Dec 2018 00:40:31 +0000. Up 17.58 seconds.
[[0;32m  OK  [0m] Started Initial cloud-init job (pre-networking).
[[0;32m  OK  [0m] Reached target Network (Pre).
         Starting Raise network interfaces...
[[0;32m  OK  [0m] Started ifup for enp0s3.
[[0;32m  OK  [0m] Started Raise network interfaces.
         Starting Initial cloud-init job (metadata service crawler)...
[[0;32m  OK  [0m] Reached target Network.
[   21.373945] cloud-init[1089]: Cloud-init v. 18.4-0ubuntu1~16.04.2 running 'init' at Sun, 30 Dec 2018 00:40:34 +0000. Up 20.49 seconds.
[   21.384936] cloud-init[1089]: ci-info: ++++++++++++++++++++++++++++++++++++++Net device info++++++++++++++++++++++++++++++++++++++
[   21.395403] cloud-init[1089]: ci-info: +--------+------+----------------------------+---------------+--------+-------------------+
[   21.405836] cloud-init[1089]: ci-info: | Device |  Up  |          Address           |      Mask     | Scope  |     Hw-Address    |
[   21.417749] cloud-init[1089]: ci-info: +--------+------+----------------------------+---------------+--------+-------------------+
[   21.428335] cloud-init[1089]: ci-info: | enp0s3 | True |         10.0.2.15          | 255.255.255.0 | global | 02:f2:ad:b6:19:8d |
[   21.438723] cloud-init[1089]: ci-info: | enp0s3 | True | fe80::f2:adff:feb6:198d/64 |       .       |  link  | 02:f2:ad:b6:19:8d |
[   21.458854] cloud-init[1089]: ci-info: |   lo   | True |         127.0.0.1          |   255.0.0.0   |  host  |         .         |
[   21.472332] cloud-init[1089]: ci-info: |   lo   | True |          ::1/128           |       .       |  host  |         .         |
[   21.492996] cloud-init[1089]: ci-info: +--------+------+----------------------------+---------------+--------+-------------------+
[   21.494011] cloud-init[1089]: ci-info: +++++++++++++++++++++++++++Route IPv4 info++++++++++++++++++++++++++++
[   21.495002] cloud-init[1089]: ci-info: +-------+-------------+----------+---------------+-----------+-------+
[[0;32m  OK  [0m] Started Initial cloud-init job (metadata service crawler).
[   21.496548] cloud-init[1089]: ci-info: | Route | Destination | Gateway  |    Genmask    | Interface | Flags |
[   21.531084] cloud-init[1089]: ci-info: +-------+-------------+----------+---------------+-----------+-------+
[   21.539683] cloud-init[1089]: ci-info: |   0   |   0.0.0.0   | 10.0.2.2 |    0.0.0.0    |   enp0s3  |   UG  |
[   21.550204] cloud-init[1089]: ci-info: |   1   |   10.0.2.0  | 0.0.0.0  | 255.255.255.0 |   enp0s3  |   U   |
[   21.551210] cloud-init[1089]: ci-info: +-------+-------------+----------+---------------+-----------+-------+
[[0;32m  OK  [0m] Reached target Cloud-config availability.
[   21.551845] cloud-init[1089]: ci-info: +++++++++++++++++++Route IPv6 info+++++++++++++++++++
[   21.586562] cloud-init[1089]: ci-info: +-------+-------------+---------+-----------+-------+
[[0;32m  OK  [0m] Reached target Network is Online.
[   21.587358] cloud-init[1089]: ci-info: | Route | Destination | Gateway | Interface | Flags |
[   21.646897] cloud-init[1089]: ci-info: +-------+-------------+---------+-----------+-------+
[   21.653813] cloud-init[1089]: ci-info: |   0   |  fe80::/64  |    ::   |   enp0s3  |   U   |
[   21.660781] cloud-init[1089]: ci-info: |   4   |   ff00::/8  |    ::   |   enp0s3  |   U   |
         Starting iSCSI initiator daemon (iscsid)...[   21.667598] cloud-init[1089]: ci-info: +-------+-------------+---------+-----------+-------+

[[0;32m  OK  [0m] Reached target System Initialization.
         Starting Socket activation for snappy daemon.
[[0;32m  OK  [0m] Started Daily Cleanup of Temporary Directories.
[[0;32m  OK  [0m] Started ACPI Events Check.
[[0;32m  OK  [0m] Reached target Paths.
[[0;32m  OK  [0m] Listening on D-Bus System Message Bus Socket.
[[0;32m  OK  [0m] Listening on ACPID Listen Socket.
[[0;32m  OK  [0m] Listening on UUID daemon activation socket.
[[0;32m  OK  [0m] Started Clean PHP session files every 30 mins.
         Starting Docker Socket for the API.
         Starting LXD - unix socket.
[[0;32m  OK  [0m] Started Daily apt download activities.
[[0;32m  OK  [0m] Started Daily apt upgrade and clean activities.
[[0;32m  OK  [0m] Reached target Timers.
[[0;32m  OK  [0m] Listening on Socket activation for snappy daemon.
[[0;32m  OK  [0m] Listening on Docker Socket for the API.
[[0;32m  OK  [0m] Listening on LXD - unix socket.
[[0;32m  OK  [0m] Started iSCSI initiator daemon (iscsid).
         Starting Login to default iSCSI targets...
[[0;32m  OK  [0m] Reached target Sockets.
[[0;32m  OK  [0m] Reached target Basic System.
         Starting Accounts Service...
         Starting Clean php session files...
[[0;32m  OK  [0m] Started Deferred execution scheduler.
         Starting Ubuntu FAN network setup...
[[0;32m  OK  [0m] Started Regular background program processing daemon.
         Starting LXD - container startup/shutdown...
         Starting OpenBSD Secure Shell server...
         Starting MySQL Community Server...
         Starting LSB: Record successful boot for GRUB...
         Starting Virtualbox guest utils...
         Starting /etc/rc.local Compatibility...
         Starting Login Service...
[[0;32m  OK  [0m] Started ACPI event daemon.
         Starting System Logging Service...
         Starting A high performance web server and a reverse proxy server...
[[0;32m  OK  [0m] Started Unattended Upgrades Shutdown.
[[0;32m  OK  [0m] Started D-Bus System Message Bus.
         Starting LSB: MD monitoring daemon...
         Starting Docker Application Container Engine...
[[0;32m  OK  [0m] Started "Datadog Agent".
[[0;32m  OK  [0m] Started "Datadog Trace Agent (APM)".
[[0;32m  OK  [0m] Started "Datadog Process Agent".
[[0;32m  OK  [0m] Started FUSE filesystem for LXC.
         Starting Snappy daemon...
[[0;32m  OK  [0m] Started System Logging Service.
[[0;32m  OK  [0m] Started Ubuntu FAN network setup.
[[0;32m  OK  [0m] Started LXD - container startup/shutdown.
[[0;32m  OK  [0m] Started /etc/rc.local Compatibility.
[[0;32m  OK  [0m] Started OpenBSD Secure Shell server.
[[0;32m  OK  [0m] Started A high performance web server and a reverse proxy server.
[[0;32m  OK  [0m] Started Login to default iSCSI targets.
[[0;32m  OK  [0m] Started Clean php session files.
[[0;32m  OK  [0m] Started LSB: Record successful boot for GRUB.
[[0;32m  OK  [0m] Started LSB: MD monitoring daemon.
[[0;32m  OK  [0m] Started Login Service.
         Starting Authenticate and Authorize Users to Run Privileged Tasks...
[[0;32m  OK  [0m] Reached target Remote File Systems (Pre).
[[0;32m  OK  [0m] Reached target Remote File Systems.
         Starting LSB: automatic crash report generation...
         Starting LSB: Set up cgroupfs mounts....
         Starting LSB: Apache2 web server...
         Starting LSB: Set the CPU Frequency Scaling governor to "ondemand"...
         Starting Permit User Sessions...
         Starting LSB: daemon to balance interrupts for SMP systems...
[[0;32m  OK  [0m] Started LSB: Set up cgroupfs mounts..
[[0;32m  OK  [0m] Started Permit User Sessions.
[[0;32m  OK  [0m] Started Authenticate and Authorize Users to Run Privileged Tasks.
[[0;32m  OK  [0m] Started Accounts Service.
[[0;32m  OK  [0m] Started Snappy daemon.
[[0;32m  OK  [0m] Started Virtualbox guest utils.
         Starting Wait until snapd is fully seeded...
         Starting Hold until boot process finishes up...
         Starting Terminate Plymouth Boot Screen...
[[0;32m  OK  [0m] Started Hold until boot process finishes up.
[[0;32m  OK  [0m] Started LSB: Set the CPU Frequency Scaling governor to "ondemand".
[[0;32m  OK  [0m] Started Terminate Plymouth Boot Screen.
         Starting Set console scheme...
[[0;32m  OK  [0m] Started Getty on tty1.
[[0;32m  OK  [0m] Started Serial Getty on ttyS0.
[[0;32m  OK  [0m] Reached target Login Prompts.
[[0;32m  OK  [0m] Started LSB: daemon to balance interrupts for SMP systems.
[[0;32m  OK  [0m] Started Set console scheme.
[[0;32m  OK  [0m] Started LSB: automatic crash report generation.
[[0;32m  OK  [0m] Created slice User Slice of vagrant.
         Starting User Manager for UID 1000...
[[0;32m  OK  [0m] Started Wait until snapd is fully seeded.
[[0;32m  OK  [0m] Started Session 1 of user vagrant.
         Starting Apply the settings specified in cloud-config...
[[0;32m  OK  [0m] Started User Manager for UID 1000.
[[0;32m  OK  [0m] Started LSB: Apache2 web server.
[[0;32m  OK  [0m] Started MySQL Community Server.
[[0;32m  OK  [0m] Started Docker Application Container Engine.
[[0;32m  OK  [0m] Reached target Multi-User System.
[[0;32m  OK  [0m] Reached target Graphical Interface.
         Starting Update UTMP about System Runlevel Changes...
[[0;32m  OK  [0m] Started Update UTMP about System Runlevel Changes.
[   30.255487] cloud-init[1501]: Cloud-init v. 18.4-0ubuntu1~16.04.2 running 'modules:config' at Sun, 30 Dec 2018 00:40:43 +0000. Up 29.36 seconds.

Ubuntu 16.04.5 LTS ubuntu-xenial ttyS0

ubuntu-xenial login: [   32.538726] cloud-init[1884]: Cloud-init v. 18.4-0ubuntu1~16.04.2 running 'modules:final' at Sun, 30 Dec 2018 00:40:45 +0000. Up 32.02 seconds.
[   32.539583] cloud-init[1884]: Cloud-init v. 18.4-0ubuntu1~16.04.2 finished at Sun, 30 Dec 2018 00:40:46 +0000. Datasource DataSourceNoCloud [seed=/dev/sdb][dsmode=net].  Up 32.46 seconds
[[0;32m  OK  [0m] Stopped target Cloud-init target.
[[0;32m  OK  [0m] Stopped Execute cloud user/final scripts.
         Stopping Authenticate and Authorize Users to Run Privileged Tasks...
         Stopping ACPI event daemon...
[[0;32m  OK  [0m] Stopped Apply the settings specified in cloud-config.
[[0;32m  OK  [0m] Stopped target Cloud-config availability.
         Stopping User Manager for UID 1000...
[[0;32m  OK  [0m] Stopped target Timers.
[[0;32m  OK  [0m] Stopped Clean PHP session files every 30 mins.
[[0;32m  OK  [0m] Stopped Daily apt upgrade and clean activities.
[[0;32m  OK  [0m] Stopped Daily apt download activities.
[[0;32m  OK  [0m] Stopped Daily Cleanup of Temporary Directories.
[[0;32m  OK  [0m] Stopped target G         Stopping Session 13 of user vagrant.
         Stopping LSB: automatic crash report generation...
         Stopping LSB: Set up cgroupfs mounts....
[[0;32m  OK  [0m] Stopped Wait until snapd is fully seeded.
         Stopping Snappy daemon...
         Stopping Virtualbox guest utils...
[[0;32m  OK  [0m] Stopped target System Time Synchronized.
         Stopping Unattended Upgrades Shutdown...
[[0;32m  OK  [0m] Unmounted /var/lib/lxcfs.
[[0;32m  OK  [0m] Stopped Accounts Service.
[[0;32m  OK  [0m] Stopped Deferred execution scheduler.
[[0;32m  OK  [0m] Stopped Regular background program processing daemon.
[[0;32m  OK  [0m] Stopped ACPI event daemon.
[[0;32m  OK  [0m] Stopped System Logging Service.
[[0;32m  OK  [0m] Stopped "Datadog Trace Agent (APM)".
[[0;32m  OK  [0m] Stopped Snappy daemon.
[[0;32m  OK  [0m] Stopped OpenBSD Secure Shell server.
[[0;32m  OK  [0m] Stopped Authenticate and Authorize Users to Run Privileged Tasks.
[[0;32m  OK  [0m] Stopped Getty on tty1.
[[0;32m  OK  [0m] Stopped Serial Getty on ttyS0.
[[0;32m  OK  [0m] Stopped User Manager for UID 1000.
[[0;32m  OK  [0m] Stopped Ubuntu FAN network setup.
[[0;32m  OK  [0m] Stopped D-Bus System Message Bus.
[[0;32m  OK  [0m] Stopped A high performance web server and a reverse proxy server.
[[0;32m  OK  [0m] Stopped Session 13 of user vagrant.
[[0;32m  OK  [0m] Stopped LSB: Set up cgroupfs mounts..
[[0;32m  OK  [0m] Stopped Unattended Upgrades Shutdown.
[[0;32m  OK  [0m] Stopped FUSE filesystem for LXC.
[[0;32m  OK  [0m] Stopped LSB: daemon to balance interrupts for SMP systems.
[[0;32m  OK  [0m] Stopped LXD - container startup/shutdown.
[[0;32m  OK  [0m] Stopped LSB: MD monitoring daemon.
[[0;32m  OK  [0m] Stopped LSB: Record successful boot for GRUB.
[[0;32m  OK  [0m] Stopped LSB: automatic crash report generation.
[[0;32m  OK  [0m] Stopped LSB: Set the CPU Frequency Scaling governor to "ondemand".
[[0;32m  OK  [0m] Stopped Virtualbox guest utils.
[[0;32m  OK  [0m] Stopped Docker Application Container Engine.
[[0;32m  OK  [0m] Removed slice User Slice of vagrant.
         Stopping Login Service...
[[0;32m  OK  [0m] Removed slice system-serial\x2dgetty.slice.
[[0;32m  OK  [0m] Removed slice system-getty.slice.
[[0;32m  OK  [0m] Stopped /etc/rc.local Compatibility.
         Stopping Permit User Sessions...
         Stopping "Datadog Agent"...
[[0;32m  OK  [0m] Stopped Login Service.
[[0;32m  OK  [0m] Stopped Permit User Sessions.
[[0;32m  OK  [0m] Stopped "Datadog Agent".
[[0;32m  OK  [0m] Stopped target Remote File Systems.
[[0;32m  OK  [0m] Stopped target Remote File Systems (Pre).
         Stopping Login to default iSCSI targets...
[[0;32m  OK  [0m] Stopped target User and Group Name Lookups.
[[0;32m  OK  [0m] Stopped Login to default iSCSI targets.
         Stopping iSCSI initiator daemon (iscsid)...
[[0;32m  OK  [0m] Stopped iSCSI initiator daemon (iscsid).
[[0;32m  OK  [0m] Stopped MySQL Community Server.
[[0;32m  OK  [0m] Stopped target Basic System.
[[0;32m  OK  [0m] Stopped target Slices.
[[0;32m  OK  [0m] Removed slice User and Session Slice.
[[0;32m  OK  [0m] Stopped target Paths.
[[0;32m  OK  [0m] Stopped ACPI Events Check.
[[0;32m  OK  [0m] Stopped Forward Password Requests to Wall Directory Watch.
[[0;32m  OK  [0m] Stopped Dispatch Password Requests to Console Directory Watch.
[[0;32m  OK  [0m] Stopped target Sockets.
[[0;32m  OK  [0m] Closed Docker Socket for the API.
[[0;32m  OK  [0m] Closed LXD - unix socket.
[[0;32m  OK  [0m] Closed UUID daemon activation socket.
[[0;32m  OK  [0m] Closed ACPID Listen Socket.
[[0;32m  OK  [0m] Closed Syslog Socket.
[[0;32m  OK  [0m] Closed D-Bus System Message Bus Socket.
[[0;32m  OK  [0m] Closed Socket activation for snappy daemon.
[[0;32m  OK  [0m] Stopped target System Initialization.
[[0;32m  OK  [0m] Stopped target Swap.
         Stopping Update UTMP about System Boot/Shutdown...
[[0;32m  OK  [0m] Stopped target Encrypted Volumes.
         Stopping Load/Save Random Seed...
[[0;32m  OK  [0m] Stopped target Network is Online.
[[0;32m  OK  [0m] Stopped Initial cloud-init job (metadata service crawler).
[[0;32m  OK  [0m] Stopped target Network.
         Stopping Raise network interfaces...
[[0;32m  OK  [0m] Stopped Load/Save Random Seed.
[[0;32m  OK  [0m] Stopped Update UTMP about System Boot/Shutdown.
[[0;32m  OK  [0m] Stopped Create Volatile Files and Directories.
[[0;32m  OK  [0m] Stopped Raise network interfaces.
[[0;32m  OK  [0m] Stopped target Network (Pre).
[[0;32m  OK  [0m] Stopped Initial cloud-init job (pre-networking).
[[0;32m  OK  [0m] Stopped target Local File Systems.
         Unmounting /var/www/html...
         Unmounting /run/user/1000...
[[0;32m  OK  [0m] Stopped Apply Kernel Variables.
[[0;32m  OK  [0m] Stopped Load Kernel Modules.
[[0;32m  OK  [0m] Unmounted /var/www/html.
[[0;32m  OK  [0m] Unmounted /run/user/1000.
[[0;32m  OK  [0m] Reached target Unmount All Filesystems.
[[0;32m  OK  [0m] Stopped target Local File Systems (Pre).
[[0;32m  OK  [0m] Stopped Remount Root and Kernel File Systems.
[[0;32m  OK  [0m] Stopped Create Static Device Nodes in /dev.
[[0;32m  OK  [0m] Reached target Shutdown.
[ 9029.046284] reboot: Power down
