[    0.000000] Initializing cgroup subsys cpuset
[    0.000000] Initializing group subsys cu
[    0.00000] Initializing cgroup subsys cpuacct
[    0.000000] Liux version 4.4.0-134-generic (buildd@lgw01-amd64-033) (gcc version 5.4.0 20160609 (Ubuntu 5.4.0-6ubuntu1~16.04.10) ) #160Ubuntu MP Wed AAug 15 14:58:00 UTC 2018 (Ubuntu 4.4.0-134.160-generic 4.4.140)
[    0.000000] Command line: BOOT_IMAGE=/boot/vmlinuz-4.4.0-134-generic root=LABEL=cloudimg-rootfs ro console=tty1 console=ttyS0
[    0.000000] KERNEL supported cpus:
[    0.000000]   Intel GenuieIntel
[    0.00000]  MD AuthenticAMD
[    0.000000]   Centaur CentaurHauls
[    0.000000] x86/fpu: xstate_offset[2]:  576, xstate_sizes[2]:  256
[    0.00000] x86/pu: Supporting XAVE feature 0x01: 'x87 floating point registers'
[    0.000000] x86/fpu: Supporting XSAVE feature 0x02: 'SSE registers'
[    0.000000] x86/fp: Supporting XSAVE feature 0x04: 'AVX registers'
[    0.000000] x86/fpu: Enabled xstate features 0x7 context size is 832 bytes, using 'standrd' format.
[    0.000000] e820: BIOS-povided physical RAM map:
[    0.000000] BIOS-e820: [mem 0x00000000000000-0x000000000009fbff] usable
[    0.000000] BIOS-e820: [mem 0x000000000009fc00-0x000000000009ffff] reserved
[    0.000000] BIOS-e820: mem 0x00000000000f0000-0x00000000000fffff] resered
[    0.000000] BIOS-e8: [mm 0x000000000100000-0x00000003ffeffff usable
[    0.000000] BIOS-e820: [mem 0x000000003fff0000-0x000000003fffffff] ACPIdata[    0.000000] BIOS-e820: [mem 0x00000000fec00000-0x00000000fec00fff] reserved
[    0.00000] BIOS-e820: [mem 0x00000000fee00000-0x00000000fee00fff] reserved
[    0.000000] BIOS-e820: [mem 0x00000000fffc0000-0x00000000ffffffff] reserved
[    0.000000] NX (Execute Disable) protection: active
[    0.000000] SMBIOS 2.5 present.
[    0.00000] Hypervisor detected: KVM
[    0.000000] e820: last_pfn =0xff0 max_arch_pfn = 0x400000000
[    0.000000] MTRR: Disabled
[    0.000000] x86/PAT: MTRRs disabled, skippng PAT initialization too.
[    0.000000] CPU MTRRs all blank - virtualized system.
[    0.000000] x86/PAT: Configuration [0-7]: WB  WT  UC- UC  WB  WT  UC- UC  
   0.000000] found SMP MP-table at [mem 0x0009fff0-0x0009ffff] mapped at [ffff88000009fff0]
[    0.000000] anning 1 areas for low memory corrution
[    0.000000] RAMDISK: [mem 0x3630c000-0x3717dfff]
[    0.000000] ACPI: Early table checksum verification disabled
[    0.000000] ACPI: RSDP 0x00000000000E0000 000024 (v02 VBOX  )
[   0.000000] ACPI: XSDT 0x000000003FFF0030 00003C (v01 VBOX   VBOXXSDT 00000001 ASL  00000061)
[    0.000000] ACPI: FACP 0x000000003FFF00F0 0000F4 (v04 VBOX   VBOXFACP 00000001 ASL  0000061)
[   0.000000] ACPI: DSDT 0x000000003FFF0470 0021FF (v02 VBOX   VBOXBIOS 00000002 INTL 20100528)
[   0.000000] ACPI: FACS 0x000000003FFF0200 000040
[    0.000000] ACPI: FACS 0x000000003FFF0200 000040
[    0.000000] ACPI: APIC 0x000000003FFF040 00005C (v02 VBOX   VBOXAPIC 00000001 ASL  00000061)
[    0.000000] ACPI: SSDT 0x000000003FFF02A 0001CC (v01 VBOX   VBOXCPUT 00000002 INTL 20100528)
[    0.000000] No NUMA configurtion found
[    0.000000] Faking a node at [mem 0x0000000000000000-0x000000003ffeffff]
[    0.000000] NODE_DATA(0) allocated [mem 0x3ffeb000-0x3ffeffff]
[    0.000000] kv-cloc: Using msrs 4b564d01 and 4b564d00
[    0.000000] kvmclck: cpu 0, sr 0:3fe3001, primary puclock
[    0.000000] kvm-clock: using sched offset of 4526663639 cycles
[    0.000000] clocksouce: kvm-clock: mask: 0xffffffffffffffff max_cycles: 0x1cd42e4dffb, max_idle_ns: 881590591483 ns
[    0.000000] Zone ranges:
[    0.000000]   DMA      [mem 0x0000000000001000-0x0000000000ffffff]
[    0.000000]   DMA32    [mem 0x0000000001000000-0x000000003ffeffff]
[    0.000000]   Norma   empty
[    0.000000]   Device   empty
[    0.000000] Movable zone start for each node
[    0.000000] Early memory node ranges
[    0.000000]   node   0: memx0000000000001000-0x000000000009efff]
[    0.000000]   node   0: [mem 0x0000000000100000-000000003ffeffff]
[   0.000000] Initmem setup node 0 [mem 0x0000000000001000-0x00000003ffefff]
[    0.000000] ACPI: PM-Timer IO Port: 0x4008
[   0.000000] IOAPIC[0]: apic_id 2, version 32, address 0xfeec00000, GSI 0-23
[    0.000000] ACPI: INT_SRC_OVR (bus 0 bus_irq 0 global_irq2 dfl dfl)
[    0.000000] ACPI: INT_SRC_OVR (bus 0 bus_irq 9 global_irq 9 low level)
[    0.000000] Using ACPI (MADT) for SMP configuration information
[    0.000000] smpboot: Alowing 2 CPUs, 0 hotplug CPUs
[    0.000000] PM: Registered nosave memory: [mem 0x00000000-0x00000fff]
[    0.000000] PM: Registered nosave memory [mem 0x0009f000-0x0009ffff]
[    0.000000] PM: Registered nosave memory: [mem 0x000a0000-0x000eeffff]
[    0.000000] PM: Reistered nosave memory: [mem 0x000f0000-0x000fffff]
[    0.000000] e20: [mem 0x40000000-0xfebfffff] available for PCI devices
[    0.000000] Booting paravirtualized kernel n KVM
[    0.000000] clocksource: refind-jiffies: mask: 0xffffffff max_cycle: 0xffffffff, max_idle_ns: 7645519600211568 ns
[    0.00000] setup_percpu: NR_CPUS:512 nr_cpumask_bits:512 nr_cpu_ids:2 nr_node_ids:1
[    0.000000] PERCPU: Ebedded 34 pages/cpu@ffff88003fc00000 s99544 r8192 d31528 u1048576
[    0.00000] PV qspinlock hash tble entris: 256 (order: 0, 4096 bytes)[    0.000000 Buil 1 zonelists in Node order, mobility grouping on.  Total pages: 57912
    0.000000] Policy zone: DMA32
[    0.000000] Kernel command line: BOOT_IMAGE=/boot/vmlnuz-4.4.0-134-generic root=LABEL=cloudimg-rootfs ro console=ty1 console=ttyS0
[    0.000000] PID hash table entries: 4096 (order: 3, 32768 bytes)
[    0.000000] Memory: 997724K/1048120K available (8554K kernel code, 1314K rwdata, 4004K rodata, 1516K init, 1316K bss, 50396K reserved, 0K cma-reserved)
[    0.000000] SLUB: Walign=64, Order=0-3, MinObjects=0, CPUs=2, Nodes=1
[    0.000000] Kernel/User page tables isolation: enabled
    0.00000] Hierarchical RCU implementaion.
[    0.000000] 	Build-time adjustment of leaf fanout to 64.
[    0.000000] 	RCU restricting CPUs from N_CPUS=512 to nr_cpu_ids=2.
[    0.000000] RCU: Adjusting geometry for rcu_fanout_leaf=64, nr_cpu_ids=2
[    0.000000] NR_IRQS:33024 nr_irqs:440 16
[    0.000000] Console: colour VGA+ 80x25
[    0.000000] console [tty1] enabled
[    0.000000] console [ttyS0] enabled
[    0.000000] tsc: Detected 1599.999 MHz processor
[    2.868226] Calibrating delay loop (skipped) preset value.. 3199.9 BogoMIPS (lpj=6399996)
[    2.910899] pid_max: default: 32768 minimum: 301
[    2.916895] ACPI: Core revision 20150930
[    2.930154] ACPI: 2 ACPI AML tables successfully acquired and loaded
[    2.939715] Security Framework initialized
[    2.945532] Yama: becoming mindful.
[    2.948884] AppArmor: AppArmor initialized
[    2.950626] Dentry cache hash table entries: 131072 (order: 8, 1048576 bytes)
[    2.973549] Inode-cache hash table entries: 65536 (order: 7, 524288 bytes)
[    2.985490] Mount-cache hash table entries: 2048 (order: 2, 16384 bytes)
[    2.991929] Mountpoint-cache hash table entries: 2048 (order: 2, 16384 bytes)
[    3.005614] Initializing cgroup subsys io
[    3.016914] Initializing cgroup subsys memory
[    3.030778] Initializing cgroup subsys devices
[    3.041360] Initializing cgroup subsys freezer
[    3.048272] Initializing cgroup subsys net_cls
[    3.056548] Initializing cgroup subsys perf_event
[    3.065250] Initializing cgroup subsys net_prio
[    3.073149] Initializing cgroup subsys hugetlb
[    3.077071] Initializing cgroup subsys pids
[    3.082053] mce: CPU supports 0 MCE banks
[    3.092355] Last level iTLB entries: 4KB 64, 2MB 8, 4MB 8
[    3.101977] Last level dTLB entries: 4KB 64, 2MB 0, 4MB 0, 1GB 4
[    3.120751] Spectre V2 : Mitigation: Full generic retpoline
[    3.134400] Spectre V2 : Speculation control IBPB not-supported IBRS not-supported
[    3.144238] Speculative Store Bypass: Vulnerable
[    3.150333] Freeing SMP alternatives memory: 32K
[    3.165984] ftrace: allocating 32266 entries in 127 pages
[    3.262855] smpboot: APIC(0) Converting physical 0 to logical package 0
[    3.277517] smpboot: Max logical packages: 1
[    3.281701] x2apic enabled
[    3.284807] Switched APIC routing to physical x2apic.
[    3.288985] ..TIMER: vector=0x30 apic1=0 pin1=2 apic2=-1 pin2=-1
[    3.411281] smpboot: CPU0: Intel(R) Core(TM) i5-5250U CPU @ 1.60GHz (family: 0x6, model: 0x3d, stepping: 0x4)
[    3.421560] Performance Events: unsupported p6 CPU model 61 no PMU driver, software events only.
[    3.437178] KVM setup paravirtual spinlock
[    3.449113] x86: Booting SMP configuration:
[    3.451415] .... node  #0, CPUs:      #1
[    3.457881] kvm-clock: cpu 1, msr 0:3ffe3041, secondary cpu clock
[    3.486403] mce: CPU supports 0 MCE banks
[    3.489753] x86: Booted up 1 node, 2 CPUs
[    3.497385] smpboot: Total of 2 processors activated (6399.99 BogoMIPS)
[    3.512204] devtmpfs: initialized
[    3.520432] evm: security.selinux
[    3.522118] evm: security.SMACK64
[    3.531251] evm: security.SMACK64EXEC
[    3.540720] evm: security.SMACK64TRANSMUTE
[    3.545225] evm: security.SMACK64MMAP
[    3.548521] evm: security.ima
[    3.549913] evm: security.capability
[    3.551957] clocksource: jiffies: mask: 0xffffffff max_cycles: 0xffffffff, max_idle_ns: 7645041785100000 ns
[    3.562487] futex hash table entries: 512 (order: 3, 32768 bytes)
[    3.573422] pinctrl core: initialized pinctrl subsystem
[    3.588392] RTC time: 21:06:18, date: 09/04/18
[    3.603034] NET: Registered protocol family 16
[    3.632963] cpuidle: using governor ladder
[    3.648664] cpuidle: using governor menu
[    3.652239] PCCT header not found.
[    3.664448] ACPI: bus type PCI registered
[    3.672014] acpiphp: ACPI Hot Plug PCI Controller Driver version: 0.5
[    3.680216] PCI: Using configuration type 1 for base access
[    3.714002] ACPI: Added _OSI(Module Device)
[    3.716194] ACPI: Added _OSI(Processor Device)
[    3.719336] ACPI: Added _OSI(3.0 _SCP Extensions)
[    3.729048] ACPI: Added _OSI(Processor Aggregator Device)
[    3.732205] ACPI: Executed 1 blocks of module-level executable AML code
[    3.748936] ACPI: Interpreter enabled
[    3.752992] ACPI: (supports S0 S5)
[    3.754469] ACPI: Using IOAPIC for interrupt routing
[    3.763897] PCI: Using host bridge windows from ACPI; if necessary, use "pci=nocrs" and report a bug
[    3.785803] ACPI: PCI Root Bridge [PCI0] (domain 0000 [bus 00-ff])
[    3.787992] acpi PNP0A03:00: _OSC: OS supports [ASPM ClockPM Segments MSI]
[    3.798615] acpi PNP0A03:00: _OSC: not requesting OS control; OS requires [ExtendedConfig ASPM ClockPM MSI]
[    3.856024] acpi PNP0A03:00: fail to add MMCONFIG information, can't access extended PCI configuration space under this bridge.
[    3.922717] PCI host bridge to bus 0000:00
[    3.937590] pci_bus 0000:00: root bus resource [io  0x0000-0x0cf7 window]
[    4.010253] pci_bus 0000:00: root bus resource [io  0x0d00-0xffff window]
[    4.015714] pci_bus 0000:00: root bus resource [mem 0x000a0000-0x000bffff window]
[    4.022224] pci_bus 0000:00: root bus resource [mem 0x40000000-0xfdffffff window]
[    4.031529] pci_bus 0000:00: root bus resource [bus 00-ff]
[    4.038612] pci 0000:00:01.1: legacy IDE quirk: reg 0x10: [io  0x01f0-0x01f7]
[    4.062726] pci 0000:00:01.1: legacy IDE quirk: reg 0x14: [io  0x03f6]
[    4.086527] pci 0000:00:01.1: legacy IDE quirk: reg 0x18: [io  0x0170-0x0177]
[    4.098056] pci 0000:00:01.1: legacy IDE quirk: reg 0x1c: [io  0x0376]
[    4.129334] pci 0000:00:07.0: quirk: [io  0x4000-0x403f] claimed by PIIX4 ACPI
[    4.149260] pci 0000:00:07.0: quirk: [io  0x4100-0x410f] claimed by PIIX4 SMB
[    4.161534] ACPI: PCI Interrupt Link [LNKA] (IRQs 5 9 10 *11)
[    4.165207] ACPI: PCI Interrupt Link [LNKB] (IRQs 5 9 *10 11)
[    4.168857] ACPI: PCI Interrupt Link [LNKC] (IRQs 5 *9 10 11)
[    4.176301] ACPI: PCI Interrupt Link [LNKD] (IRQs 5 9 10 *11)
[    4.183995] ACPI: Enabled 2 GPEs in block 00 to 07
[    4.186691] vgaarb: setting as boot device: PCI:0000:00:02.0
[    4.197293] vgaarb: device added: PCI:0000:00:02.0,decodes=io+mem,owns=io+mem,locks=none
[    4.204721] vgaarb: loaded
[    4.206262] vgaarb: bridge control possible 0000:00:02.0
[    4.210547] SCSI subsystem initialized
[    4.214352] ACPI: bus type USB registered
[    4.219250] usbcore: registered new interface driver usbfs
[    4.221539] usbcore: registered new interface driver hub
[    4.248457] usbcore: registered new device driver usb
[    4.256756] PCI: Using ACPI for IRQ routing
[    4.317847] NetLabel: Initializing
[    4.362515] NetLabel:  domain hash size = 128
[    4.368411] NetLabel:  protocols = UNLABELED CIPSOv4
[    4.390464] NetLabel:  unlabeled traffic allowed by default
[    4.399922] amd_nb: Cannot enumerate AMD northbridges
[    4.405123] clocksource: Switched to clocksource kvm-clock
[    4.427910] ApArmor: AppArmor Filesystem Enabled

[    4.464897] pnp: PnP ACPI init
[   4.468142] pnp: PnP ACPI: foun3 devics
[    4.604695] clockurce: acpi_pm: ask: 0xffffff max_cycles: 0xffffff, max_idle_s: 2085701024 ns
[    4.7192] NET: Registered protocol famly 2
[    4.810744] TCP established hash table entries: 8192 (order: 4, 65536 bytes)
[    4.815368] TCP bind hash table entries: 8192 (order: 5, 131072 bytes)
[    4.818642] TCP: Hash tables configured (established 8192 bind 8192)
[    4.821309] UDP hash tabe entrs: 2 (ode 2, 16384 bytes)
[    5.090939] UDP-Lite hash table entries: 512 (order: 2, 16384 bytes)
[    5.095005] NET: Registered protocol family 1
[    5.097013] pci 000:00:00.0: Limiting direct PCI/PCI transfers
[    5.127098] pci 000000:01.0: ctivating ISA DMA hang workarounds
[    5.192480] Unpacking initramfs...

[    5.521551] Freeing initrd memory: 14792K
[    5.529466] RAPL PMU detected, API unit is 2^-32 Joules, 4 fixed counters 10737418240 ms ovfl timer
[    5.552231] hw unit of domain pp0-core 2^-0 Joules
[    5.570847] hw unit of domain package 2^-0 Joules
[    5.579274] hw unit of domain dram 2^-0 Joules
[    5.588604] hw unit of domain pp1-gpu 2^-0 Joules
[    5.600690] platform rtc_cmos: registered platform RTC device (no PNP device found)
[    5.606256] Scanning for low memory corruption every 60 seconds
[    5.610420] audit: initializing netlink subsys (disabled)
[    5.613379] audit: type=2000 audit(1536095182.719:1): initialized
[    5.632303] Initialise system trusted keyring
[    5.636352] HugeTLB registered 2 MB page size, pre-allocated 0 pages
[    5.65448]zbud: loaded

[    5.727282] VFS: Disk quotas dquot_6.6.0
[    5.731018] VFS: Dquot-cach hash table ntri: 512 (order , 4096 bytes)
[    5.875063] squashfs: version 4.0 (2009/01/31) Phillip Louher

[    5.906799] fse init (API vrsion7.23)

[    5.997511] Key tpe big_key regstered
[    6.05672] Allocating IMA MOK and blacklist keyrins.

[    6.128374] Key type asymmetric registered
[    6.132114] Asymmetric key parser 'x509' registered
[    6.134914] Block layer SCSI generic (bsg) driver version 0.4 loaded (major 249)
[    6.156204] io scheduler noop registered
[    6.167213] io scheduler deadline registered (default)
[    6.178143] io scheduler cfq registered
[    6.188662] pci_hotplug: PCI Hot Plug PCI Core version: 0.5
[    6.20139] pciehp: PCI Express Hot Plug Controller Driver version: 0.4
[    6.265441] ACP: AC Adater [A] (off-lin)

[    6.382521] input: Power Button as /devices/LNXSYSTM:00/LNXPRB:00/input/input0
[    6.450554] ACPI: Power Button [PWRF]
[    6.452872] input: Sleep Button as /devices/LNXSYSTM:00/LNXSLPBN:00/input/input1
[   6.465859] ACPI: Sleep Button [LPF]

[    6.522988] GHES: HEST is not enabled!
[    6.524700] ACPI: Battery Slot [BAT0] (battery present)
[    6.535493] Serial: 8250/16550 driver, 32 ports, IRQ sharing enabled
[    6.570127] 00:02: ttyS0 at I/O 0x3f8 (irq = 4, base_baud = 115200) is a 16550A
[    6.587081] Linux agpgart interface v0.103
[    6.597266] tsc: Refined TSC clocksource calibration: 1600.250 MHz
[    6.601807] clocksource: tsc: mask: 0xffffffffffffffff max_cycles: 0x17111119b77, max_idle_ns: 440795237875 ns
[    6.64298] loop: module lad

[    6.755119] scsi host0: ata_piix
[    6.759067] scsi host1: ata_piix
[    6.760552] ata1: PATA max UDMA/33 cmd 0x1f0 ctl 0x3f6 bmdma 0xd000 rq 14
[    6792712] ata2: PATA max UDM/33 cmd 0x170 ctl x376 bmdma 0xd008 irq 15

[    6.880628] liphy: Fixed MDIO Bus: probed

[    6.912070] tun: Universal TUN/TAP device divr, 1.6
[    6.97185] un: (C) 1999-2004 Max Krasnyansky <maxk@qualcomm.com>
[    7.068361] PPP generic driver version 2.4.2
[    7.084986] ehci_hcd: USB 2.0 'Enhanced' Host Controller (EHCI) Driver
[    7.095235] ehci-pci: EHCI PCI platform driver
[    7.098456] ehci-platform: EHCI generic platform driver
[    7.106812] ohci_hcd: USB 1.1 'Open' Host Controller (OHCI) Driver
[    7.135135] ohci-pci: OHCI PCI platform driver
[    7.138563] ohci-platform: OHCI generic platform driver
[    7.161150] uhci_hcd: USB Universal Host Controller Interface driver
[    7.170208] i8042: PNP: PS/2 Controller [PNP0303:PS2K,PNP0f03:PS2M] at 0x60,0x64 irq 1,12
[    7.193034] serio: i8042 KBD port at 0x60,0x64 irq 1
[    7.197677] serio: i8042 AUX port at 0x60,0x64 irq 12
[    7.201758] mousedev: PS/2 mouse device common for all mice
[    7.238906] rtc_cmos rtc_cmos: rtc core: registered rtc_cmos as rtc0
[    7.255404] rtc_cmos rtc_cmos: alarms up to one day, 114 bytes nvram
[    7.255429] input: AT Translated Set 2 keyboard as /devices/platform/i8042/serio0/input/input2
[    7.279418] i2c /dev entries driver
[    7.281015] device-mapper: uevent: version 1.0.3
[    7.291407] device-mapper: ioctl: 4.34.0-ioctl (2015-10-28) initialised: dm-devel@redhat.com
[    7.295803] ledtrig-cpu: registered to indicate activity on CPUs
[    7.300677] NET: Registered protocol family 10
[    7.338902] NET: Registered protocol family 17
[    7.341756] Key type dns_resolver registered
[    7.353315] registered taskstats version 1
[    7.361715] Loading compiled-in X.509 certificates
[    7.404310] Loaded X.509 cert 'Build time autogenerated kernel key: 4eb3d024ac16f76c1747ffd474694c84db21038b'
[    7.434802] zswap: loaded using pool lzo/zbud
[    7.439271] Key type trusted registered
[    7.458391] Key type encrypted registered
[    7.460051] AppArmor: AppArmor sha1 policy hashing enabled
[    7.462393] ima: No TPM chip found, activating TPM-bypass!
[    7.474577] ima: Allocated hash algorithm: sha1
[    7.480567] evm: HMAC attrs: 0x1
[    7.488791]   Magic number: 2:611:145
[    7.490478] ata_port ata2: hash matches
[    7.492187]  ata2: hash matches
[    7.494100] rtc_cmos rtc_cmos: setting system clock to 2018-09-04 21:06:22 UTC (1536095182)
[    7.499468] BIOS EDD facility v0.16 2004-Jun-25, 0 devices found
[    7.501926] EDD information not available.
[    7.505770] Freeing unused kernel memory: 1516K
[    7.521786] Write protecting the kernel read-only data: 14336k
[    7.530904] Freeing unused kernel memory: 1672K
[    7.534189] Freeing unused kernel memory: 92K
Loading, please wait...
starting version 229
[    7.556792] random: systemd-udevd: uninitialized urandom read (16 bytes read, 5 bits of entropy available)
[    7.557893] random: udevadm: uninitialized urandom read (16 bytes read, 5 bits of entropy available)
[    7.557930] random: udevadm: uninitialized urandom read (16 bytes read, 5 bits of entropy available)
[    7.572158] random: udevadm: uninitialized urandom read (16 bytes read, 5 bits of entropy available)
[    7.572267] random: udevadm: uninitialized urandom read (16 bytes read, 5 bits of entropy available)
[    7.572469] random: udevadm: uninitialized urandom read (16 bytes read, 5 bits of entropy available)
[    7.572541] random: udevadm: uninitialized urandom read (16 bytes read, 5 bits of entropy available)
[    7.572611] random: udevadm: uninitialized urandom read (16 bytes read, 5 bits of entropy available)
[    7.572692] random: udevadm: uninitialized urandom read (16 bytes read, 5 bits of entropy available)
[    7.572755] random: udevadm: uninitialized urandom read (16 bytes read, 5 bits of entropy available)
[    7.731617] Fusion MPT base driver 3.04.20
[    7.734898] Copyright (c) 1999-2008 LSI Corporation
[    7.747672] e1000: Intel(R) PRO/1000 Network Driver - version 7.3.21-k8-NAPI
[    7.750738] e1000: Copyright (c) 1999-2006 Intel Corporation.
[    7.799375] Fusion MPT SPI Host driver 3.04.20
[    7.817292] mptbase: ioc0: Initiating bringup
[    7.823628] AVX2 version of gcm_enc/dec engaged.
[    7.850426] AES CTR mode by8 optimization enabled
[    7.944647] ioc0: LSI53C1030 A0: Capabilities={Initiator}
[    7.957003] input: ImExPS/2 Generic Explorer Mouse as /devices/platform/i8042/serio1/input/input4
[    8.654629] scsi host2: ioc0: LSI53C1030 A0, FwRev=00000000h, Ports=1, MaxQ=256, IRQ=20
[    9.394841] scsi 2:0:0:0: Direct-Access     VBOX     HARDDISK         1.0  PQ: 0 ANSI: 5
[    9.627333] scsi target2:0:0: Beginning Domain Validation
[    9.716219] scsi target2:0:0: Domain Validation skipping write tests
[    9.741086] scsi target2:0:0: Ending Domain Validation
[    9.754323] scsi target2:0:0: asynchronous
[    9.769895] scsi 2:0:1:0: Direct-Access     VBOX     HARDDISK         1.0  PQ: 0 ANSI: 5
[    9.830242] scsi target2:0:1: Beginning Domain Validation
[    9.844461] scsi target2:0:1: Domain Validation skipping write tests
[    9.852809] scsi target2:0:1: Ending Domain Validation
[    9.861540] scsi target2:0:1: asynchronous
[    9.882496] sd 2:0:0:0: [sda] 20971520 512-byte logical blocks: (10.7 GB/10.0 GiB)
[    9.887112] sd 2:0:0:0: Attached scsi generic sg0 type 0
[    9.912604] sd 2:0:0:0: [sda] Write Protect is off
[    9.928792] sd 2:0:1:0: Attached scsi generic sg1 type 0
[    9.932558] sd 2:0:1:0: [sdb] 20480 512-byte logical blocks: (10.5 MB/10.0 MiB)
[    9.941134] sd 2:0:0:0: [sda] Incomplete mode parameter data
[    9.957346] sd 2:0:0:0: [sda] Assuming drive cache: write through
[    9.968276] sd 2:0:1:0: [sdb] Write Protect is off
[    9.977849] sd 2:0:1:0: [sdb] Incomplete mode parameter data
[    9.980984] sd 2:0:1:0: [sdb] Assuming drive cache: write through
[   10.000427]  sda: sda1
[   10.003102] sd 2:0:0:0: [sda] Attached SCSI disk
[   10.014286] sd 2:0:1:0: [sdb] Attached SCSI disk
[   10.216694] e1000 0000:00:03.0 eth0: (PCI:33MHz:32-bit) 02:1d:76:b3:3c:fe
[   10.223024] e1000 0000:00:03.0 eth0: Intel(R) PRO/1000 Network Connection
[   10.233040] e1000 0000:00:03.0 enp0s3: renamed from eth0
Begin: Loading essential drivers ... [   11.826505] md: linear personality registered for level -1
[   11.851971] md: multipath personality registered for level -4
[   11.858724] md: raid0 personality registered for level 0
[   11.865734] md: raid1 personality registered for level 1
[   11.949469] raid6: sse2x1   gen()  4159 MB/s
[   12.034209] raid6: sse2x1   xor()  5130 MB/s
[   12.121665] raid6: sse2x2   gen()  2618 MB/s
[   12.213615] raid6: sse2x2   xor()  1603 MB/s
[   12.281173] raid6: sse2x4   gen()  5938 MB/s
[   12.353412] raid6: sse2x4   xor()  6453 MB/s
[   12.425370] raid6: avx2x1   gen() 10125 MB/s
[   12.497377] raid6: avx2x2   gen() 16102 MB/s
[   12.565336] raid6: avx2x4   gen() 16096 MB/s
[   12.567790] raid6: using algorithm avx2x2 gen() 16102 MB/s
[   12.574784] raid6: using avx2x2 recovery algorithm
[   12.580072] xor: automatically using best checksumming function:
[   12.633853]    avx       : 18534.000 MB/sec
[   12.638639] async_tx: api initialized (async)
[   12.656008] md: raid6 personality registered for level 6
[   12.658483] md: raid5 personality registered for level 5
[   12.675003] md: raid4 personality registered for level 4
[   12.686357] md: raid10 personality registered for level 10
done.
Begin: Running /scripts/init-premount ... done.
Begin: Mounting root file system ... Begin: Running /scripts/local-top ... done.
Begin: [   12.749387] Btrfs loaded
Running /scripts/local-premount ... Scanning for Btrfs filesystems
done.
Warning: fsck not present, so skipping root file system
[   12.860771] EXT4-fs (sda1): mounted filesystem with ordered data mode. Opts: (null)
done.
Begin: Running /scripts/local-bottom ... done.
Begin: Running /scripts/init-bottom ... done.
[   13.176604] syte[1]: systemd 229 runing isystem mode. +PAM +AUDIT +SELINUX +IMA +APPARMOR +SMACK +SYSVINIT +UTMP +LIBCRYPTSETUP +GCRYPT +GNUTLS +ACL +XZ -LZ4 +SECCOMP +BLKID +ELFUTILS KMOD -IDN)
[   13.500313] systemd[1]: Detected virtualization oracle.
[   13.502296] systemd[1]: Detected architecture x86-64.

Welcome to [1mUbuntu 16.04.5 LTS[0m!

[   13.511654] systemd[1]: Set hostname to <ubuntu>.
[   13.520649] systemd[1]: Initializing machine ID from random generator.
[   13.524790] systd[1]: Installed transient /etc/machine-id file.
[   13.861720] systemd[1]: Listening on LVM2 metadata daemon socket.
[[0;32m  OK  [0m] Listening on LVM2 metadata daemon socket.
[   .870042] systemd[1]: Listeng on udev Kernel Socke.
[[0;32m  OK  [0m] Listening on udev Kernel Socket.
[   14.0238] systemd[1]: Set up automount Arbitrary Executable File Formats File System Automount Point.
[[0;32m  OK  [0m] Set up automount Arbitrary Executab...ats File System Automount Point.
[   14.091732] systemd[1]: Started Forward Password Requests to Wall Directory Watch.
[[0;32m  OK  [0m] Started Forward Password Requests to Wall Directory Watch.
[   14.098256] systemd[1]: Reached target System Time Synchronized.
[[0;32m  OK  [0m] Reached target System Time Synchronized.
[   14.103567] systemd[1]: Reached target Encrypted Volumes.
[[0;32m  OK  [0m] Reached target Encrypted Volumes.
[   14.109214] systemd[1]: Listening on Syslog Socket.
[[0;32m  OK  [0m] Listening on Syslog Socket.
[   14.115293] systemd[1]: Listening on Journal Audit Socket.

[[0;32m  OK  [0m] Listening on Journal Audit Socket.
[   14.121336] systemd[1]: Reached target User and Group Name Lookups.
[[0;32m  OK  [0m] Reached target User and Group Name Lookups.
[   14.130450] systemd[1]: Listening on Journal Socket (/dev/log).
[[0;32m  OK  [0m] Listening on Journal Socket (/dev/log).
[   14.137178] systemd[1]: Created slice System Slice.
[[0;32m  OK  [0m] Created slice System Slice.
[   14.142350] systemd[1]: Listening on Journal Socket.
[[0;32m  OK  [0m] Listening on Journal Socket.
[   14.159443] systemd[1]: Starting Uncomplicated firewall...
         Starting Uncomplicated firewall...
[   14.169295] systemd[1]: Mounting Debug File System...
         Mounting Debug File System...
[   14.177692] systemd[1]: Mounting POSIX Message Queue File System...
         Mounting POSIX Message Queue File System...
[   14.233711] systemd[1]: Starting Create list of required static device nodes for the current kernel...
         Starting Create list of required st... nodes for the current kernel...
[   14.263454] systemd[1]: Starting Nameserver information manager...
         Starting Nameserver information manager...
[   14.272742] systemd[1]: Starting Remount Root and Kernel File Systems...
         Starting Remount Root and Kernel File Systems...[   14.286062] EXT4-fs (sda1): re-mounted. Opts: (null)

[   14.300661] systemd[1]: Reached target Swap.
[[0;32m  OK  [0m[   14.304513] random: nonblocking pool is initialized
] Reached target Swap.
[   14.309169] systemd[1]: Mounting Huge Pages File System...
         Mounting Huge Pages File System...
[   14.401932] systemd[1]: Starting Journal Service...
         Starting Journal Service...
[   14.417940] systemd[1]: Listening on /dev/initctl Compatibility Named Pipe.
[[0;32m  OK  [0m] Listening on /dev/initctl Compatibility Named Pipe.
[   14.468714] systemd[1]: Listening on Device-mapper event daemon FIFOs.
[[0;32m  OK  [0m] Listening on Device-mapper event daemon FIFOs.
[   14.504343] systemd[1]: Listening on udev Control Socket.
[[0;32m  OK  [0m] Listening on udev Control Socket.
[   14.521957] systemd[1]: Created slice system-serial\x2dgetty.slice.
[[0;32m  OK  [0m] Created slice system-serial\x2dgetty.slice.
[   14.554315] systemd[1]: Started Trigger resolvconf update for networkd DNS.
[[0;32m  OK  [0m] Started Trigger resolvconf update for networkd DNS.
[   14.569872] systemd[1]: Listening on LVM2 poll daemon socket.
[[0;32m  OK  [0m] Listening on LVM2 poll daemon socket.
[  14.637 systemd[1]: Created slice User and Session Slice.

[[0;32m  OK  [0m] Created slice User and Session Slice.
[   14.840665] systemd[1]: Reached target Slices.
[[0;32m  OK  [0m] Reached target Slices.
[   14.865485] systemd[1]: Starting Set console keymap...
         Starting Set console keymap...
[   14.875437] systemd[1]: Starting Monitoring of LVM2 mirrors, snapshots etc. using dmeventd or progress polling...
         Starting Monitoring of LVM2 mirrors... dmeventd or progress polling...
[   14.902244] systemd[1]: Starting Load Kernel Modules...
         Starting Load Kernel Modules...
[   14.920278] systemd[1]: Mounted Debug File System.
[[0;32m  OK  [0m] Mounted Debug File System.
[   14.927658] systemd[1]: Mounted Huge Pages File System.
[[0;32m  OK  [0[   14.932235] Loading iSCSI transport class v2.0-870.
m] Mounted Huge Pages File System.
[   14.953446] systemd[1]: Mounted POSIX Message Queue File System.
[[0;32m  OK  [0[   14.973829] iscsi: registered transport (tcp)
m] Mounted POSIX Message Queue File System.
[   15.036549] systemd[1]: Started Journal Service.
[[0;32m  OK  [0m] Started Journal Service.
[[0;32m  OK  [0m] Started Uncomplicated firewall.
[[0;32m  OK  [0m] Started Create list of required sta...ce nodes for the current kernel.
[[0;32m  OK  [0m] Started Remount Root and Kernel File Systems.
[[0;32m  OK  [0[   15.093253] iscsi: registered transport (iser)
m] Started Set console keymap.
[[0;32m  OK  [0m] Started Nameserver information manager.
[[0;32m  OK  [0m] Started Load Kernel Modules.
[[0;32m  OK  [0m] Started LVM2 metadata daemon.
         Mounting FUSE Control File System...
         Starting Apply Kernel Variables...
         Starting Load/Save Random Seed...
         Starting udev Coldplug all Devices...
         Starting Create Static Device Nodes in /dev...
         Starting Flush Journal to Persistent Storage...
[[0;32m  OK  [0m] Mounted FUSE Control File System.
[[0;32m  OK  [0m] Started Apply Kernel Variables.
[[0;32m  OK  [0m] Started Load/Save Random Seed.
[[0;32m  OK  [0m] Started Create Static Device Nodes in /dev.
[[0;32m  OK  [0m] Started Flush Journal to Persistent Storage.
[[0;32m  OK  [0m] Started udev Coldplug all Devices.
         Starting udev Kernel Device Manager...
[[0;32m  OK  [0m] Started udev Kernel Device Manager.
[[0;32m  OK  [0m] Started Dispatch Password Requests to Console Directory Watch.
[[0;32m  OK  [0m] Found device /dev/ttyS0.
[[0;32m  OK  [0m] Started Monitoring of LVM2 mirrors,...ng dmeventd or progress polling.
[[0;32m  OK  [0m] Listening on Load/Save RF Kill Switch Status /dev/rfkill Watch.
[[0;32m  OK  [0m] Reached target Local File Systems (Pre).
[[0;32m  OK  [0m] Reached target Local File Systems.
         Starting Commit a transient machine-id on disk...
         Starting Set console font and keymap...
         Starting Create Volatile Files and Directories...
         Starting LSB: AppArmor initialization...
         Starting Initial cloud-init job (pre-networking)...
         Starting Tell Plymouth To Write Out Runtime Data...
[[0;32m  OK  [0m] Started Commit a transient machine-id on disk.
[[0;32m  OK  [0m] Started Create Volatile Files and Directories.
[[0;32m  OK  [0m] Started Tell Plymouth To Write Out Runtime Data.
         Starting Update UTMP about System Boot/Shutdown...
[[0;32m  OK  [0m] Started Update UTMP about System Boot/Shutdown.
[[0;32m  OK  [0m] Started Set console font and keymap.
[[0;32m  OK  [0m] Created slice system-getty.slice.
[[0;32m  OK  [0m] Started LSB: AppArmor initialization.
[   14.769660] cloud-init[628]: Cloud-init v. 18.3-9-g2e62cb8a-0ubuntu1~16.04.2 running 'init-local' at Tue, 04 Sep 2018 21:06:32 +0000. Up 14.06 seconds.
[[0;32m  OK  [0m] Started Initial cloud-init job (pre-networking).
[[0;32m  OK  [0m] Reached target Network (Pre).
         Starting Raise network interfaces...
[[0;32m  OK  [0m] Started Raise network interfaces.
[[0;32m  OK  [0m] Reached target Network.
         Starting Initial cloud-init job (metadata service crawler)...
[   16.567571] cloud-init[924]: Cloud-init v. 18.3-9-g2e62cb8a-0ubuntu1~16.04.2 running 'init' at Tue, 04 Sep 2018 21:06:34 +0000. Up 15.81 seconds.
[   16.573652] cloud-init[924]: ci-info: ++++++++++++++++++++++++++++++++++++++Net device info++++++++++++++++++++++++++++++++++++++
[   16.584878] cloud-init[924]: ci-info: +--------+------+----------------------------+---------------+--------+-------------------+
[[0;32m  OK  [0m] Started Initial cloud-init job (metadata service crawler).
[   16.632898] cloud-init[924]: ci-info: | Device |  Up  |          Address           |      Mask     | Scope  |     Hw-Address    |
[   16.669025] cloud-init[924]: ci-info: +--------+------+----------------------------+---------------+--------+-------------------+
[[0;32m  OK  [0m] Reached target Network is Online.
[   16.731235] cloud-init[924]: ci-info: | enp0s3 | True |         10.0.2.15          | 255.255.255.0 | global | 02:1d:76:b3:3c:fe |
[   16.763844] cloud-init[924]: ci-info: | enp0s3 | True | fe80::1d:76ff:feb3:3cfe/64 |       .       |  link  | 02:1d:76:b3:3c:fe |
[   16.769803] cloud-init[924]: ci-info: |   lo   | True |         127.0.0.1          |   255.0.0.0   |  host  |         .         |
[   16.775376] cloud-init[924]: ci-info: |   lo   | True |          ::1/128           |       .       |  host  |         .         |
[   16.796801]          Starting iSCSI initiator daemon (iscsid)...
[[0;32m  OK  [0m] Reached target Cloud-config availability.
[[0;32m  OK  [0m] Reached target System Initialization.
cloud-init[924]: ci-info: +--------+------+----------------------------+---------------+--------+-------------------+
[   16.820864] [cloud-init[0;32m  OK  [0m[924]: ] ci-info: +++++++++++++++++++++++++++Route IPv4 info++++++++++++++++++++++++++++Listening on UUID daemon activation socket.

[   16.822126] cloud-init[924]: ci-info: +-------+-------------+----------+---------------+-----------+-------+[
[0;32m  OK  [0m] Started ACPI Events Check.
[   16.843568] [[0;32m  OK  [0m] Reached target Paths.
cloud-init[924]: ci-info: | Route | Destination | Gateway  |    Genmask    | Interface | Flags |
         Starting LXD - unix socket.
[   16.907980] [cloud-init[0;32m  OK  [0m[924]: ] ci-info: +-------+-------------+----------+---------------+-----------+-------+Listening on ACPID Listen Socket.

[[0;32m  OK  [0m] Started Daily Cleanup of Temporary Directories.
[   16.955797] [[0;32m  OK  [0m] Listening on D-Bus System Message Bus Socket.
cloud-init[924]: ci-info: |   0   |   0.0.0.0   | 10.0.2.2 |    0.0.0.0    |   enp0s3  |   UG  |
         Starting Socket activation for snappy daemon.
[[0;32m  OK  [0m] Started Daily apt download activities.
[[0;32m  OK  [0m] Started Daily apt upgrade and clean activities.
[[0;32m  OK  [0m] Reached target Timers.
[   16.974697] cloud-init[924]: ci-info: |   1   |   10.0.2.0  | 0.0.0.0  | 255.255.255.0 |   enp0s3  |   U   |
[[0;32m  OK  [0m] Listening on LXD - unix socket.
[   17.071369] cloud-init[924]: ci-info: +-------+-------------+----------+---------------+-----------+-------+
[[   17.089985] [0;32m  OK  [0mcloud-init] [924]: Listening on Socket activation for snappy daemon.ci-info: +++++++++++++++++++Route IPv6 info+++++++++++++++++++

[   17.090965] cloud-init[924]: ci-info: +-------+-------------+---------+-----------+-------+
[   17.168258] cloud-init[924]: ci-info: | Route | Destination | Gateway | Interface | Flags |
[   17.169270] cloud-init[924]: ci-info: +-------+-------------+---------+-----------+-------+
[[0;32m  OK  [0m] Started iSCSI initiator daemon (iscsid).
[   17.171520] cloud-init[924]: ci-info: |   0   |  fe80::/64  |    ::   |   enp0s3  |   U   |
[   17.256919] cloud-init[924]: ci-info: |   3   |   ff00::/8  |    ::   |   enp0s3  |   U   |
[   17.272648] cloud-init[924]: ci-info: +-------+-------------+---------+-----------+-------+
[   17.273857] cloud-init[924]: Generating public/private rsa key pair.
[   17.274015] cloud-init[924]: Your identification has been saved in /etc/ssh/ssh_host_rsa_key.
         Starting Login to default iSCSI targets...
[[   17.279930] cloud-init[924]: Your public key has been saved in /etc/ssh/ssh_host_rsa_key.pub.
[   17.305643] cloud-init[924]: The key fingerprint is:
[   17.309085] cloud-init[924]: SHA256:c2VErIuMTh4ja40dAPpbbt9BNFLjRePxRvLXjpMGp84 root@ubuntu-xenial
[   17.310410] cloud-init[924]: The key's randomart image is:
[0;32m  OK  [0m] Reached target Sockets.
[   17.312426] cloud-init[924]: +---[RSA 2048]----+
[   17.344459] cloud-init[924]: |        o.*o+    |
[   17.345123] cloud-init[924]: |  .    o + O.  . |
[[0;32m  OK  [0m] Reached target Basic System.
[   17.345746] cloud-init[924]: | . .  . + ..B o .|
[   17.389781] cloud-init[924]: |.   .  o ..+ = + |
[   17.393064] cloud-init[924]: | .   . oS.... = .|
[   17.396004] cloud-init[924]: |  . o *.oo.o . . |
[   17.400247]          Starting Login Service...
         Starting LXD - container startup/shutdown...
[[0;32m  OK  [0m] Started FUSE filesystem for LXC.
         Starting /etc/rc.local Compatibility...
         Starting LSB: Record successful boot for GRUB...
         Starting LSB: MD monitoring daemon...
cloud-init[[0;32m  OK  [0m] Started ACPI event daemon.
[[0;32m  OK  [0m] Started Unattended Upgrades Shutdown.
[[0;32m  OK  [0m] Started D-Bus System Message Bus.
[924]: |   + X +.   E    |
         Starting System Logging Service...
[   17.570070] cloud-init[924]: |  . * =. .       |
[   17.679565]          Starting Pollinate to seed the pseudo random number generator...
cloud-init[924]: |   o .. .        |
[   17.691970] cloud-init[924]: +----[SHA256]-----+
[   17.695220] cloud-init[924]: Generating public/private dsa key pair.
[[0;32m  OK  [0m] Started Regular background program processing daemon.
[   17.735424] cloud-init[924]: Your identification has been saved in /etc/ssh/ssh_host_dsa_key.
[   17.746952] cloud-init[924]: Your public key has been saved in /etc/ssh/ssh_host_dsa_key.pub.
[   17.752420] cloud-init[924]: The key fingerprint is:
[   17.757502] cloud-init[924]: SHA256:YFC45ZHo5c3WCUGDLbRrvhXabwhFzX8eUGr+cNIUdNo root@ubuntu-xenial
         Starting Snappy daemon...
[   17.778192] cloud-init[924]: The key's randomart image is:
[   17.793277]          Starting Virtualbox guest utils...
         Starting Accounts Service...
cloud-init[[0;32m  OK  [0m] Started Deferred execution scheduler.
[[0;32m  OK  [0m] Started System Logging Service.
[[0;32m  OK  [0m] Started LXD - container startup/shutdown.
[[0;32m  OK  [0m] Started /etc/rc.local Compatibility.
[924]: +---[DSA 1024]----+
[   17.821670] cloud-init[924]: |    .=o=++   o+ .|
[   17.840693] cloud-init[924]: |    o.B.+.o .. = |
[   17.844901] cloud-init[924]: |   . *+* o oo.o E|
[   17.874908] cloud-init[924]: |    o.oo= oo.oo  |
[   17.884538] cloud-init[924]: |      ooS   +oo. |
[   17.889392] cloud-init[924]: |     o.o .   =.  |
[   17.905011] cloud-init[924]: [[0;32m  OK  [0m] Started Login to default iSCSI targets.
|      o.o.    .  |
[   17.945814] cloud-init[924]: |       o...      |
[   17.968216] cloud-init[924]: |      .  ..      |
[   17.986639] [[0;32m  OK  [0m] Started LSB: Record successful boot for GRUB.
cloud-init[924]: +----[SHA256]-----+
[   17.992181] cloud-init[924]: Generating public/private ecdsa key pair.
[   18.000999] cloud-init[924]: Your identification has been saved in /etc/ssh/ssh_host_ecdsa_key.
[   18.031835] [[0;32m  OK  [0m] Started LSB: MD monitoring daemon.
cloud-init[924]: Your public key has been saved in /etc/ssh/ssh_host_ecdsa_key.pub.
[[0;32m  OK  [0m] Started Login Service.
[   18.068795] cloud-init[924]: The key fingerprint is:
[   18.078957] cloud-init[924]: SHA256:6tE2wFOerkKw8L6hxtrAovMNUVJUjY4ttEjlfKeFGww root@ubuntu-xenial
         Starting Authenticate and Authorize Users to Run Privileged Tasks...
[[0;32m  OK  [0m] Reached target Remote File Systems (Pre).
[[0;32m  OK  [0m] Reached target Remote File Systems.
[   18.130992] cloud-init[924]: The key's randomart image is:
[   18.185052]          cloud-initStarting Permit User Sessions...[924]: 
+---[ECDSA 256]---+
[   18.186604] cloud-init[924]: |   oE..o         |
[   18.292988]          cloud-initStarting LSB: Set the CPU Frequency Scaling governor to "ondemand"...[924]: 
|  .+.o...        |
[   18.309514]          cloud-initStarting LSB: daemon to balance interrupts for SMP systems...[924]: 
| ..o+== +        |
[   18.352691] cloud-init[924]: |. oo+ooO .       |
[   18.353318] cloud-init[924]: | o.o .* S        |
         Starting LSB: automatic crash report generation...
[   18.357317] cloud-init[924]: |. o..  *         |
[[   18.382391] cloud-init[924]: |+oo.  o =        |
[   18.383483] cloud-init[924]: |+*.+.. + .       |
[0;32m  OK  [0m] Started Snappy daemon.
[[   18.384656] cloud-init[924]: |*o+...o          |
[0;32m  OK  [0m] Started Virtualbox guest utils.
[   18.391872] cloud-init[924]: +----[SHA256]-----+
[   18.391964] cloud-init[924]: Generating public/private ed25519 key pair.
[   18.392030] cloud-init[924]: Your identification has been saved in /etc/ssh/ssh_host_ed25519_key.
[   18.392145] cloud-init[924]: Your public key has been saved in /etc/ssh/ssh_host_ed25519_key.pub.
[   18.392200] cloud-init[924]: The key fingerprint is:
[   18.392255] cloud-init[924]: SHA256:inVvEt/qCV2kOBDjhJ8qZ1ZOUntc6Fdm4TdUyO0il6Q root@ubuntu-xenial
[   18.392303] cloud-init[924]: The key's randomart image is:
[   18.392352] cloud-init[924]: +--[ED25519 256]--+
[   18.392399] cloud-init[924]: |     .+  .  .o.+.|
[   18.392446] cloud-init[924]: |    .o.o. ..+.+ .|
[[   18.422279] cloud-init[924]: |     oo= . +oooo |
[0;32m  OK  [0m] Started Permit User Sessions.
[   18.423357] cloud-init[924]: |    . *.+..oE.+..|
[[0;32m  OK  [0m] Started Authenticate and Authorize Users to Run Privileged Tasks.
[   18.446986] cloud-init[924]: |     *..S.. .o . |
[[   18.459854] cloud-init[924]: |  . =o.o * o     |
[   18.461137] cloud-init[924]: |   =. . o = .    |
[   18.463743] cloud-init[924]: |         + o     |
[   18.466073] cloud-init[924]: |         .+      |
[0;32m  OK  [0m] Started Accounts Service.
[   18.466299] cloud-init[924]: +----[SHA256]-----+
[[0;32m  OK  [0m] Started LSB: Set the CPU Frequency Scaling governor to "ondemand".
[[0;32m  OK  [0m] Started LSB: daemon to balance interrupts for SMP systems.
         Starting Terminate Plymouth Boot Screen...
         Starting Hold until boot process finishes up...
         Starting Wait until snapd is fully seeded...
[[0;32m  OK  [0m] Started LSB: automatic crash report generation.
[[0;32m  OK  [0m] Started Terminate Plymouth Boot Screen.
[[0;32m  OK  [0m] Started Hold until boot process finishes up.
[[0;32m  OK  [0m] Started Getty on tty1.
[[0;32m  OK  [0m] Started Serial Getty on ttyS0.
[[0;32m  OK  [0m] Reached target Login Prompts.
         Starting Set console scheme...
[[0;32m  OK  [0m] Started Pollinate to seed the pseudo random number generator.
[[0;32m  OK  [0m] Started Set console scheme.
         Starting OpenBSD Secure Shell server...
[[0;32m  OK  [0m] Started OpenBSD Secure Shell server.
[[0;32m  OK  [0m] Started Wait until snapd is fully seeded.
         Starting Apply the settings specified in cloud-config...
[[0;32m  OK  [0m] Reached target Multi-User System.
[[0;32m  OK  [0m] Reached target Graphical Interface.
         Starting Update UTMP about System Runlevel Changes...
[[0;32m  OK  [0m] Started Update UTMP about System Runlevel Changes.
[   21.684278] cloud-init[1249]: Generating locales (this might take a while)...
[   22.749041] cloud-init[1249]:   en_US.UTF-8... done
[   22.754149] cloud-init[1249]: Generation complete.
[   23.320535] cloud-init[1249]: Cloud-init v. 18.3-9-g2e62cb8a-0ubuntu1~16.04.2 running 'modules:config' at Tue, 04 Sep 2018 21:06:40 +0000. Up 21.51 seconds.
[[0;32m  OK  [0m] Started Apply the settings specified in cloud-config.
         Starting Execute cloud user/final scripts...
[[0;32m  OK  [0m] Created slice User Slice of vagrant.
         Starting User Manager for UID 1000...
[[0;32m  OK  [0m] Started Session 1 of user vagrant.
ci-info: no authorized ssh keys fingerprints found for user ubuntu.
<14>Sep  4 21:06:43 ec2: 
<14>Sep  4 21:06:43 ec2: #############################################################
<14>Sep  4 21:06:43 ec2: -----BEGIN SSH HOST KEY FINGERPRINTS-----
<14>Sep  4 21:06:43 ec2: 1024 SHA256:YFC45ZHo5c3WCUGDLbRrvhXabwhFzX8eUGr+cNIUdNo root@ubuntu-xenial (DSA)
<14>Sep  4 21:06:43 ec2: 256 SHA256:6tE2wFOerkKw8L6hxtrAovMNUVJUjY4ttEjlfKeFGww root@ubuntu-xenial (ECDSA)
<14>Sep  4 21:06:43 ec2: 256 SHA256:inVvEt/qCV2kOBDjhJ8qZ1ZOUntc6Fdm4TdUyO0il6Q root@ubuntu-xenial (ED25519)
<14>Sep  4 21:06:43 ec2: 2048 SHA256:c2VErIuMTh4ja40dAPpbbt9BNFLjRePxRvLXjpMGp84 root@ubuntu-xenial (RSA)
<14>Sep  4 21:06:43 ec2: -----END SSH HOST KEY FINGERPRINTS-----
<14>Sep  4 21:06:43 ec2: #############################################################
-----BEGIN SSH HOST KEY KEYS-----
ecdsa-sha2-nistp256 AAAAE2VjZHNhLXNoYTItbmlzdHAyNTYAAAAIbmlzdHAyNTYAAABBBL5AzGaS+E4izACXspCxD7agerYmnqB6N/w9gYXaWmcM3EWNB7Vl8iZ+SmHfRDZJeYDN1PveluF5gAa8QzQAPqE= root@ubuntu-xenial
ssh-ed25519 AAAAC3NzaC1lZDI1NTE5AAAAIDqPI+dKNmuAKDzgJMUeDRne/wOJk5sWB/SPdlSWj6/M root@ubuntu-xenial
ssh-rsa AAAAB3NzaC1yc2EAAAADAQABAAABAQDpkmvmvIpcDMpWSouWkaStQgTcWd1yNGvXODr3SxxJmtby6cbHTy/eLHjB7Vn9Md1btySsEr/OYRPD/kmdrz0Pvn25kE0pfGRZcNfEoi1SyBrqBv/sjyNzh5/W2xiB8MOKUol8rteMEX8toIjWno6u91Vj02gT+Y+qU3mC4B9cj2q1ljrBngHttv7QMdpiUefkHv0LWDdtVx9uF7462ZvpTM6ppRYr5bsydcmWDwCHxsEwuVjS9TCV+G/T9ZUeSagHyP/iQ7JVKJpYGDRhksdy+yENHLmyQf0+ooIHWBr+hC7B6SZL/Pz3CWyqHyDD4uWvCJw19rMr0D8yyQGteB+Z root@ubuntu-xenial
-----END SSH HOST KEY KEYS-----
[   24.440685] cloud-init[1294]: Cloud-init v. 18.3-9-g2e62cb8a-0ubuntu1~16.04.2 running 'modules:final' at Tue, 04 Sep 2018 21:06:42 +0000. Up 23.96 seconds.
[   24.440978] cloud-init[1294]: ci-info: no authorized ssh keys fingerprints found for user ubuntu.
[   24.441165] cloud-init[1294]: Cloud-init v. 18.3-9-g2e62cb8a-0ubuntu1~16.04.2 finished at Tue, 04 Sep 2018 21:06:43 +0000. Datasource DataSourceNoCloud [seed=/dev/sdb][dsmode=net].  Up 24.40 seconds

Ubuntu 16.04.5 LTS ubuntu-xenial ttyS0

ubuntu-xenial login: 