[   0.0000 Iniiazig cgrupubsys cpuet
[    0.000000]  Initializing cgroup subsys cpu
[    0.000000] Initializing cgroup subsys cpuacct
[    0.000000] Linux version 4.4.0-190-generic (buldd@lcy01-amd64-026) (gcc version 5.4.0 20160609 (Ubuntu 5.4.0-6ubuntu1~16.04.12) ) #220-Ubuntu SMP Fri Aug 28 23:02:15 UTC 2020 (Ubuntu 4.4.0-190.220-generic4.4.233)
[    0.000000] Coanline: OTMAGE=/oovminuz-4.4.0-0-neric rotABL=cludmgoofs ro onsoltt1 coso=tyS0[  0000000] KERNEL supportedcpus:
[  00000] Inel GeuiIntel
[    0.000]  AMD AthetiMD
[    0000]   Cetar CentaurHuls
[  .0000] 6/pu: xstate_offset[2]:  576, xstate_sizes[2]:  256
[    0.000000] x86/fpuSupporting XSAVE feature 0x1: 'x87 floating point registers'
[    0.000000] x86/fpu: Supporting XSAVE feature 0x02: 'SSE registers'
[    0.000000] x86/fpu: Supporting XSAVE feature 0x04: 'AVX registers'
[    0.000000] x86/fpu: Enable xstate features 0x7, context size is 832 bytes, using 'standad' frmt.
[    0.0000] 20: BIOS-provided physical RAM map:
[    0.000000] BIOS-e820: [mem 0x0000000000000000-0x000000000009fbff]usle
[    0.000000] BIOSe8: mem 0x00000009fc00-0000000009fff rerved
[  000000] BIOS-e820: [mem 00000000f00-x0000000fffff] rerd
[    0.000000] BIOS-e820[m 0x000000000000-0000003ffeff]usble[   0.000000] BIOS-e82: em 0x00000fff0000-0x000000003fffffff] ACPI data[    0.000000] BIOS-e820: [mem 0x00000000fec00000-0x00000000fec00fff] reserved
[    0.000000] BIOS-e820: [mem 0x00000000ee00000-0x00000000fee00fff] reered
[    0.00] BIOS-e820: [mm 000000ff000-0x0000000ffffff] reerd
[    .000000NX(Execue isle) rocton: cte
[  .00000 SIO 2.prset.
    0.00000 Hypervisor etected: KVM
[    0.000000] e820: lastfn 0x3fff m_ach_pfn= 40000000
[   0.0000] MTR:isbled
[    0.000000] x8/PAT: MTRRs disabled, skipping PAT initialization too.
[    0.000000] CPU MTRRs all blank - virtualized system
[    0.000000] x86/PAT: Configuration [0-7]: WB  WT  UC- UC  WB  WT  UC- UC  
[    0.000000] found SMP MP-table at [mem 0x0009fff0-0x0009ffff] mapped at [ffff88000009fff0]
[    0.000000] Scanning 1 areas for low memory corruption
[    0.000000] RAMDISK: [mem 0x362de000-0x37166fff]
[    0.000000] ACPI: Early table checksum verification disabled
[    0.00000] ACPI: RSDP 0x00000000000E0000 000024 (v02 VBOX  )
[    0.000000] ACPI: XSDT 0x00000FFF003 003C v0VBX  VBOXXSDT 000001 ASL  00000061)
[  000000] ACP: CP 0x0000000FF0F0 004 v04 VBO  OXFACP00001 ASL  0000)
[    0.000000] ACPI: DSDT 0x000000003FFF0470 0021FF (v02 VBO  BOBIO000002 INT 20028)
[    0000] ACPI: FACSx00000003FF00 0004
    0.0000] ACPI: FACS 0x000003FF200 00000
[    0.000000] ACPI: APIC 0x000000003FFF0240 00005C (v02 VBOX   VBOXAPIC 00000001 ASL  00000061)
[    0.000000] ACPI: SSDT 0x000000003FFF02A0 0001CC (v01 VBOX   VBOXCPUT 00000002 INTL 2010058)
[    0.000000] No NUMA configuration found
[    0.000000] Faking a node at [mem 0x0000000000000000-0x000000003ffeffff]
[   0.000000] OD_DATA(0)llcatedme0x3ffe000xffefff
[   0.00000]vmclock: Usg rs 4b564d1 d b5600
[    0.0000] kvm-clk: cpu 0,sr :3ffe001, primary cpu clock
[   00000]kvclck: using scheoffset of 489400747 cycles
[    0.0000] ocksource: kvm-clock: mask: 0xffffffffffffffff max_cycles: 0x1cd42e4dffb, max_ie_: 88599183 n
  0.000000] Zone raes:
[    0.000000]   DMA      [mem 0x0000000000001000-0x0000000000ffff]
[    0.00000]   DMA32   [mem 0x000000001000000-0x000000003ffeffff]
[   0.00000]   Normal   empty
[    0.000000]   Device   empty
[    0.000000] Movable zone sart for each node
[    0.000000] Erlmeory node range
[    0.000]   od  : [mem 0000000000100-0000000009efff]
[    .0000]   no   0 [em 0x0000000000100-000000003efff]    0000000] Initmem setup node 0mem 0x00000000001000-0x00000000fffff]
[   0.0000] ACPI: PM-Timer IO Port:x48
[    00000 IOAIC]: apicid 2, eron 32,ades 0xfec00, SI 0-23
[    0.000000] ACP INT_SRC_OVR(bus 0 bus_irq 0 global_irq 2 dfl dfl)
[    0.000000] ACPI: INT_SRC_OVR (bus 0 bus_irq 9 global_irq 9 low level)
[    0.000000] Using ACPI (MADT) for SMP configuration information
[    0.000000] smpboot: Allowing 2 CPUs, 0 hotplug CPUs
[   0.00000] P Rgitered nosae emy: [em0x000000-0x0000f]
[    0.000000] M: Regierd osav mmor [mem0x009f000-x0009ffff]
[  0.000000] PM: Registred nsae memory: [me0x000a000-0x0efff
[   .0000] PM: Reisted nosavmemor [me 000f000-0x00ff]
[    0.000] e820: [mem 0x400000-0xfebfffff] available for PCI devices
[    0.000000] Booting paravirtualized kernel  KVM
[    0.0000 clocksource: refined-jiffies: mas: 0ffffffff max_cycles: 0xffffffff max_idle_ns: 7645519600211568 ns
[    0.000000] setup_percpu: NR_CPUS:512 nr_cpumask_it:512nrpu_ids: nr_ne_s:1[    0.000000] PERCPU: Embedded 33ages/cpu @ffff88003fc000 s95512 r8192 d31464 u1048576
[    0.000000] Buil 1 zonlits in Node oder, mobility grouping on.  Total pages: 257912
[   0.000000] Policy zone: DMA32
[    0.000000] Kernel command lie: BOOT_IMAGE=/boot/mlinuz-4.4.0-190generic root=LABEL=cloudimg-rootfs ro console=tty1 cnsolettyS0
[    0.000000] PID hash tablentries406 (ordr:3, 32768bytes)
    0.000000] Memory: 997660K/48120Kavlale (8636K kerel code, 13K wdat, 40 rodata, 1492K int, 1296K bss, 50460K reserved, 0K cma-reserved)
[    0.000000] SLUB: HWalign=64, Order=0-3, MinObjects=0, CPUs=2, Nodes=1
[  0.000000] Kernel/User page tables isolation: enabled
[    0.000000] Hierarchicl U mplementatn.
[    0.000000] 	Build-imadjutment o lef anout to 64.
[    0.0000] 	RCU retricting CPUs from NR_CPUS=512 to nr_cpu_ids=2.
[    0.000000] RCU: Adjusting geometry for rcu_fanout_leaf=, r_cpu_ids
[    0.000000]NR_IRQS:302 nirqs:44 1
[    .000000] Csoe:colouVG+ 80x2
[  0.00000] nsole [ty1] enabled
  0.0000] nsole [ttyS0]enled
[    0.000000] tsc: Detected 2903.998 MHz processor
[   10.270776] Calibrating delay loop (skipped) preset value.. 5807.99 BogoMIPS (lpj=11615992)
[   10.274327] pid_max: default: 32768 minimum: 301
[   10.280585] ACPI: Core revision 20150930
[   10.283060] ACPI: 2 ACPI AML tables successfully acquired and loaded
[   10.288262] Security Framework initialized
[   10.289723] Yama: becoming mindful.
[   10.291094] AppArmor: AppArmor initialized
[   10.294198] Dentry cache hash table entries: 131072 (order: 8, 1048576 bytes)
[   10.299794] Inode-cache hash table entries: 65536 (order: 7, 524288 bytes)
[   10.305534] Mount-cache hash table entries: 2048 (order: 2, 16384 bytes)
[   10.312794] Mountpoint-cache hash table entries: 2048 (order: 2, 16384 bytes)
[   10.314452] Initializing cgroup subsys io
[   10.315623] Initializing cgroup subsys memory
[   10.316741] Initializing cgroup subsys devices
[   10.317777] Initializing cgroup subsys freezer
[   10.328006] Initializing cgroup subsys net_cls
[   10.356610] Initializing cgroup subsys perf_event
[   10.369324] Initializing cgroup subsys net_prio
[   10.371098] Initializing cgroup subsys hugetlb
[   10.376142] Initializing cgroup subsys pids
[   10.393450] mce: CPU supports 0 MCE banks
[   10.395111] Last level iTLB entries: 4KB 64, 2MB 8, 4MB 8
[   10.405489] Last level dTLB entries: 4KB 64, 2MB 0, 4MB 0, 1GB 4
[   10.407849] Spectre V1 : Mitigation: usercopy/swapgs barriers and __user pointer sanitization
[   10.417390] Spectre V2 : Mitigation: Full generic retpoline
[   10.419438] Spectre V2 : Spectre v2 / SpectreRSB mitigation: Filling RSB on context switch
[   10.425013] Speculative Store Bypass: Vulnerable
[   10.426879] SRBDS: Unknown: Dependent on hypervisor status
[   10.428697] MDS: Vulnerable: Clear CPU buffers attempted, no microcode
[   10.432262] Freeing SMP alternatives memory: 36K
[   10.469366] ftrace: allocating 32339 entries in 127 pages
[   10.531435] smpboot: APIC(0) Converting physical 0 to logical package 0
[   10.533051] smpboot: Max logical packages: 1
[   10.534345] x2apic enabled
[   10.535248] Switched APIC routing to physical x2apic.
[   10.537377] ..TIMER: vector=0x30 apic1=0 pin1=2 apic2=-1 pin2=-1
[   10.648039] smpboot: CPU0: Intel(R) Core(TM) i7-7820HQ CPU @ 2.90GHz (family: 0x6, model: 0x9e, stepping: 0x9)
[   10.744690] Performance Events: unsupported p6 CPU model 158 no PMU driver, software events only.
[   10.804374] KVM setup paravirtual spinlock
[   10.850296] x86: Booting SMP configuration:
[   10.917584] .... node  #0, CPUs:      #1
[   10.988451] kvm-clock: cpu 1, msr 0:3ffe3041, secondary cpu clock
[   11.061141] mce: CPU supports 0 MCE banks
[   11.124672] x86: Booted up 1 node, 2 CPUs
[   11.180927] smpboot: Total of 2 processors activated (11615.99 BogoMIPS)
[   11.244996] devtmpfs: initialized
[   11.275121] evm: security.selinux
[   11.284846] evm: security.SMACK64
[   11.285805] evm: security.SMACK64EXEC
[   11.286744] evm: security.SMACK64TRANSMUTE
[   11.287774] evm: security.SMACK64MMAP
[   11.288769] evm: security.ima
[   11.292988] evm: security.capability
[   11.294268] clocksource: jiffies: mask: 0xffffffff max_cycles: 0xffffffff, max_idle_ns: 7645041785100000 ns
[   11.341582] futex hash table entries: 512 (order: 3, 32768 bytes)
[   11.405695] pinctrl core: initialized pinctrl subsystem
[   11.407105] RTC time: 13:56:05, date: 10/09/20
[   11.428496] NET: Registered protocol family 16
[   11.472842] cpuidle: using governor ladder
[   11.513288] cpuidle: using governor menu
[   11.545498] PCCT header not found.
[   11.566024] ACPI: bus type PCI registered
[   11.577671] acpiphp: ACPI Hot Plug PCI Controller Driver version: 0.5
[   11.600922] PCI: Using configuration type 1 for base access
[   11.621101] ACPI: Added _OSI(Module Device)
[   11.623319] ACPI: Added _OSI(Processor Device)
[   11.629529] ACPI: Added _OSI(3.0 _SCP Extensions)
[   11.645457] ACPI: Added _OSI(Processor Aggregator Device)
[   11.650709] ACPI: Executed 1 blocks of module-level executable AML code
[   11.662706] ACPI: Interpreter enabled
[   11.664224] ACPI: (supports S0 S5)
[   11.669030] ACPI: Using IOAPIC for interrupt routing
[   11.673077] PCI: Using host bridge windows from ACPI; if necessary, use "pci=nocrs" and report a bug
[   11.687086] ACPI: PCI Root Bridge [PCI0] (domain 0000 [bus 00-ff])
[   11.717798] acpi PNP0A03:00: _OSC: OS supports [ASPM ClockPM Segments MSI]
[   11.763722] acpi PNP0A03:00: _OSC: not requesting OS control; OS requires [ExtendedConfig ASPM ClockPM MSI]
[   11.792999] acpi PNP0A03:00: fail to add MMCONFIG information, can't access extended PCI configuration space under this bridge.
[   11.894447] PCI host bridge to bus 0000:00
[   11.949194] pci_bus 0000:00: root bus resource [io  0x0000-0x0cf7 window]
[   12.000953] pci_bus 0000:00: root bus resource [io  0x0d00-0xffff window]
[   12.049280] pci_bus 0000:00: root bus resource [mem 0x000a0000-0x000bffff window]
[   12.097587] pci_bus 0000:00: root bus resource [mem 0x40000000-0xfdffffff window]
[   12.141227] pci_bus 0000:00: root bus resource [bus 00-ff]
[   12.196115] pci 0000:00:01.1: legacy IDE quirk: reg 0x10: [io  0x01f0-0x01f7]
[   12.250671] pci 0000:00:01.1: legacy IDE quirk: reg 0x14: [io  0x03f6]
[   12.322218] pci 0000:00:01.1: legacy IDE quirk: reg 0x18: [io  0x0170-0x0177]
[   12.403865] pci 0000:00:01.1: legacy IDE quirk: reg 0x1c: [io  0x0376]
[   12.427346] pci 0000:00:07.0: quirk: [io  0x4000-0x403f] claimed by PIIX4 ACPI
[   12.462816] pci 0000:00:07.0: quirk: [io  0x4100-0x410f] claimed by PIIX4 SMB
[   12.514502] ACPI: PCI Interrupt Link [LNKA] (IRQs 5 9 10 *11)
[   12.549353] ACPI: PCI Interrupt Link [LNKB] (IRQs 5 9 *10 11)
[   12.565786] ACPI: PCI Interrupt Link [LNKC] (IRQs 5 *9 10 11)
[   12.612169] ACPI: PCI Interrupt Link [LNKD] (IRQs 5 9 10 *11)
[   12.635731] ACPI: Enabled 2 GPEs in block 00 to 07
[   12.657131] vgaarb: setting as boot device: PCI:0000:00:02.0
[   12.698454] vgaarb: device added: PCI:0000:00:02.0,decodes=io+mem,owns=io+mem,locks=none
[   12.734253] vgaarb: loaded
[   12.735472] vgaarb: bridge control possible 0000:00:02.0
[   12.743340] SCSI subsystem initialized
[   12.744937] ACPI: bus type USB registered
[   12.746518] usbcore: registered new interface driver usbfs
[   12.756607] usbcore: registered new interface driver hub
[   12.764574] usbcore: registered new device driver usb
[   12.766920] PCI: Using ACPI for IRQ routing
[   12.773662] NetLabel: Initializing
[   12.774947] NetLabel:  domain hash size = 128
[   12.781973] NetLabel:  protocols = UNLABELED CIPSOv4
[   12.786235] NetLabel:  unlabeled traffic allowed by default
[   12.788629] amd_nb: Cannot enumerate AMD northbridges
[   12.790701] clocksource: Switched to clocksource kvm-clock
[   12.806122] AppArmor: AppAmor Filesystem Enabled
[   12.839448] pnp: PnP ACPI init
[ 12.8810] p: PnP ACPI: found 3 devices

[   13.007] clocksur: cpim: msk0xffff mx_cles: 0xffffmaidlens 285701024 n
[   13.720] T: Rgistered rotocol family 2

[   13.969313] TCP established hash table entries: 8192 (order: 4 653 bes)
[   1.1401] TP ind hash table enris:81 (de 5, 13102 bytes
[   14.591736TC Hash tables cofigured (established 8192 bind 8192)
[   14.755173] UDP hash tae trie 51 (rdr: 2, 16384 bytes)
[   15.048144] UDP-Lite hashable entrie: 512 (order: 2 184bytes)
[ 15249400] NET: Registered protolamy 1
[   15.500026] ci00:0:00:imindire PCI/PCIrasfrs
[ 16467] pci 0000:00:01.0: Activating ISA DMA ang workarounds[ 16.617]npcking iitramf..

[   16.793072] Freeing initrd memory: 14884K
[   16.826218] clocksource: tsc: mask: 0xffffffffffffffff max_cycles: 0x29dc03c1beb, max_idle_ns: 440795205215 ns
[   16.838442] platform rtc_cmos: registered platform RTC device (no PNP device found)
[   16.859205] Scanning for low memory corruption every 60 seconds
[   16.896318] audit: initializing netlink subsys (disabled)
[   16.898058] audit: type=2000 audit(1602251766.337:1): initialized
[   16.905119] Initialise system trusted keyring
[   16.907060] HugeTLB registered 2 MB page size, pre-allocated 0 pages
[   16.910575] zbud: loaded
[   16.912178] VFS: Disk quotas dquot_6.6.0
[   16.913593] VFS: Dquot-cache hash table entries: 512 (order 0, 4096 bytes)
[   16.927557] squashfs: version 4.0 (2009/01/31) Phillip Lougher
[   16.930535] fuse init (API version 7.23)
[   16.932253] Key type big_key registered
[   16.933602] Allocating IMA MOK and blacklist keyrings.
[   16.937880] Key type asymmetric registered
[   16.939027] Asymmetric key parser 'x509' registered
[   16.989127] Block layer SCSI generic (bsg) driver version 0.4 loaded (major 249)
[   17.090875] io scheduler noop registered
[   17.132809] io scheduler deadline registered (default)
[   17.183462] io scheduler cfq registered
[   17.199870] pci_hotplug: PCI Hot Plug PCI Core version: 0.5
[   17.232002] pciehp: PCI Express Hot Plug Controller Driver version: 0.4
[   17.251796] ACPI: AC Adapter [AC] (off-line)
[   17548] input: Power Button as /devices/LNXSYSTM:00/LNXPWRBN:00/input/input0
[   17.418531] ACPI: Power Button [PWRF]
[   17.421562] input: Sleep Button as /devices/LNXSYSTM:00/LNXSLPBN:00/input/input1
[   17.425310] ACPI: Sleep Button [SLPF]
[   17.428508] GHES: HEST is not enabled!
[   17.430070] ACPI: Battery Slot [BAT0] (battery present)
[   17.4371] Seral820/65 driver,2 ors, IRQ sharing enabled
ÿ[   17.867766] 00:02: ttyS0 at I/O 0x3f8 (irq = 4, base_baud = 115200) is a 16550A
[   17.929830] Linux agpgart interface v0.103
[   17.950063] loop: module loaded
[   17.993654] scsi host0: ata_piix
[   18.310]sc hot1atpi

[   18.349319] ata1: PA axUDA/33 cmd 0x1f0 ctl 0x3f6 bmdma 0xd000 irq 1
[ 186494] ata2: PATA m UA/3 cmd 0x170 ctl 0x376 bmdma 0xd008 irq 15
[   18.855425] libphy: Fixed MDIO Bus: probed
[   18.862159] tun: Universl TUN/T dic driver, 1.6
[   19255]un(C19-24 x asyasky <maxk@qualcomm.com>
[   19.508668] PPP generic driver version 2.4.2
[   19.533860] ehci_hcd: USB 2.0 'Enhanced' Host Controller (EHCI) Driver
[   19.563868] ehci-pci: EHCI PCI platform driver
[   19.612165] ehci-platform: EHCI generic platform driver
[   19.630893] ohci_hcd: USB 1.1 'Open' Host Controller (OHCI) Driver
[   19.634552] ohci-pci: OHCI PCI platform driver
[   19.641393] ohci-platform: OHCI generic platform driver
[   19.644064] uhci_hcd: USB Universal Host Controller Interface driver
[   19.654598] i8042: PNP: PS/2 Controller [PNP0303:PS2K,PNP0f03:PS2M] at 0x60,0x64 irq 1,12
[   19.662229] serio: i8042 KBD port at 0x60,0x64 irq 1
[   19.666157] serio: i8042 AUX port at 0x60,0x64 irq 12
[   19.669916] mousedev: PS/2 mouse device common for all mice
[   19.672905] rtc_cmos rtc_cmos: rtc core: registered rtc_cmos as rtc0
[   19.678169] rtc_cmos rtc_cmos: alarms up to one day, 114 bytes nvram
[   19.681395] i2c /dev entries driver
[   19.682698] input: AT Translated Set 2 keyboard as /devices/platform/i8042/serio0/input/input2
[   19.689077] device-mapper: uevent: version 1.0.3
[   19.690855] device-mapper: ioctl: 4.34.0-ioctl (2015-10-28) initialised: dm-devel@redhat.com
[   19.693667] ledtrig-cpu: registered to indicate activity on CPUs
[   19.698367] NET: Registered protocol family 10
[   19.706794] NET: Registered protocol family 17
[   19.707973] Key type dns_resolver registered
[   19.724133] registered taskstats version 1
[   19.749670] Loading compiled-in X.509 certificates
[   19.757796] Loaded X.509 cert 'Build time autogenerated kernel key: b89e9ea735e1dbde81c7786f041ecf1d53e71c2e'
[   19.831252] zswap: loaded using pool lzo/zbud
[   19.874999] Key type trusted registered
[   19.908044] Key type encrypted registered
[   19.981624] AppArmor: AppArmor sha1 policy hashing enabled
[   20.095065] ima: No TPM chip found, activatigg TPM-bypass!
[   20.242293] ima: Allocated hash algorithm: sha1
[   20.307542] evm: HMAC attrs: 0x1
[   20.340071]   Magic number: 8:968:937
[   20.351547] misc lightnvm: hash matches
[   20.363145] acpi PNP0103:00: hash matches
[   20.366301] rtc_cmos rtc_cmos: setting system clock to 2020-10-09 13:56:14 UTC (1602251774)
[   20.419204] BIOS EDD facility v0.16 2004-Jun-25, 0 devices found
[   20.436153] EDD information not available.
[   20.440268] Freeing unused kernel memory: 1492K
[   20.447749] Write protecting the kernel read-only data: 14336k
[   20.523970] Freeing unused kernel memory: 1592K
[   20.544134] Freeing unused kernel memory: 56K
Loading, please wait...
starting version[   20.584363] random: systemd-udevd: uninitialized urandom read (16 bytes read, 3 bits of entropy available)
 229
[   20.585631] random: udevadm: uninitialized urandom read (16 bytes read, 3 bits of entropy available)
[   20.585662] random: udevadm: uninitialized urandom read (16 bytes read, 3 bits of entropy available)
[   20.594288] random: udevadm: uninitialized urandom read (16 bytes read, 3 bits of entropy available)
[   20.594342] random: udevadm: uninitialized urandom read (16 bytes read, 3 bits of entropy available)
[   20.594488] random: udevadm: uninitialized urandom read (16 bytes read, 3 bits of entropy available)
[   20.594548] random: udevadm: uninitialized urandom read (16 bytes read, 3 bits of entropy available)
[   20.594606] random: udevadm: uninitialized urandom read (16 bytes read, 3 bits of entropy available)
[   20.594663] random: udevadm: uninitialized urandom read (16 bytes read, 3 bits of entropy available)
[   20.594821] random: udevadm: uninitialized urandom read (16 bytes read, 3 bits of entropy available)
[   20.894385] e1000: Intel(R) PRO/1000 Network Driver - version 7.3.21-k8-NAPI
[   20.932517] e1000: Copyright (c) 1999-2006 Intel Corporation.
[   20.970885] Fusion MPT base driver 3.04.20
[   21.017262] Copyright (c) 1999-2008 LSI Corporation
[   21.069540] AVX2 version of gcm_enc/dec engaged.
[   21.137834] AES CTR mode by8 optimization enabled
[   21.159574] Fusion MPT SPI Host driver 3.04.20
[   21.271307] input: ImExPS/2 Generic Explorer Mouse as /devices/platform/i8042/serio1/input/input4
[   21.525611] e1000 0000:00:03.0 eth0: (PCI:33MHz:32-bit) 02:b3:05:6c:a8:f5
[   21.604753] e1000 0000:00:03.0 eth0: Intel(R) PRO/1000 Network Connection
[   21.675350] mptbase: ioc0: Initiating bringup
[   21.740799] e1000 0000:00:03.0 enp0s3: renamed from eth0
[   21.884353] ioc0: LSI53C1030 A0: Capabilities={Initiator}
[   23.576826] scsi host2: ioc0: LSI53C1030 A0, FwRev=00000000h, Ports=1, MaxQ=256, IRQ=20
[   25.523549] scsi 2:0:0:0: Direct-Access     VBOX     HARDDISK         1.0  PQ: 0 ANSI: 5
[   25.526760] scsi target2:0:0: Beginning Domain Validation
[   25.531030] scsi target2:0:0: Domain Validation skipping write tests
[   25.533180] scsi target2:0:0: Ending Domain Validation
[   25.540249] scsi target2:0:0: asynchronous
[   25.545609] scsi 2:0:1:0: Direct-Access     VBOX     HARDDISK         1.0  PQ: 0 ANSI: 5
[   25.557326] scsi target2:0:1: Beginning Domain Validation
[   25.568479] scsi target2:0:1: Domain Validation skipping write tests
[   26.528882] scsi target2:0:1: Ending Domain Validation
[   27.505245] scsi target2:0:1: asynchronous
[   27.692254] sd 2:0:0:0: Attached scsi generic sg0 type 0
[   27.746537] sd 2:0:0:0: [sda] 20971520 512-byte logical blocks: (10.7 GB/10.0 GiB)
[   27.915047] sd 2:0:1:0: Attached scsi generic sg1 type 0
[   27.933355] sd 2:0:1:0: [sdb] 20480 512-byte logical blocks: (10.5 MB/10.0 MiB)
[   28.003366] sd 2:0:0:0: [sda] Write Protect is off
[   28.073394] sd 2:0:0:0: [sda] Incomplete mode parameter data
[   28.073471] sd 2:0:1:0: [sdb] Write Protect is off
[   28.204033] sd 2:0:0:0: [sda] Assuming drive cache: write through
[   28.239895] sd 2:0:1:0: [sdb] Incomplete mode parameter data
[   28.314036] sd 2:0:1:0: [sdb] Assuming drive cache: write through
[   28.442237]  sda: sda1
[   28.468186] sd 2:0:0:0: [sda] Attached SCSI disk
[   28.531893] sd 2:0:1:0: [sdb] Attached SCSI disk
Begin: Loading e[   29.982571] md: linear personality registered for level -1
ssential drivers[   29.996656] md: multipath personality registered for level -4
 ... [   30.063371] md: raid0 personality registered for level 0
[   30.080087] md: raid1 personality registered for level 1
[   30.183236] raid6: sse2x1   gen() 11011 MB/s
[   30.295553] raid6: sse2x1   xor()  5228 MB/s
[   30.390754] raid6: sse2x2   gen() 10860 MB/s
[   30.522764] raid6: sse2x2   xor()  9393 MB/s
[   30.618743] raid6: sse2x4   gen() 13352 MB/s
[   30.750757] raid6: sse2x4   xor() 10656 MB/s
[   30.847079] raid6: avx2x1   gen() 19526 MB/s
[   30.915855] raid6: avx2x2   gen() 25032 MB/s
[   30.995052] raid6: avx2x4   gen() 20424 MB/s
[   30.997951] raid6: using algorithm avx2x2 gen() 25032 MB/s
[   31.002545] raid6: using avx2x2 recovery algorithm
[   31.006224] xor: automatically using best checksumming function:
[   31.075312]    avx       : 25749.000 MB/sec
[   31.121911] async_tx: api initialized (async)
[   31.192077] md: raid6 personality registered for level 6
[   31.262831] md: raid5 personality registered for level 5
[   31.283430] md: raid4 personality registered for level 4
[   31.401083] md: raid10 personality registered for level 10
done.
Begin: Running /scripts/init-premount ... done.
Begin: Mounting root file system ... Begin: Running /scripts/local-top ... done.
Begin: Running /scripts/local-[   31.475506] Btrfs loaded
premount ... Scanning for Btrfs filesystems
done.
Warning: fsck no[   31.559756] EXT4-fs (sda1): mounted filesystem with ordered data mode. Opts: (null)
t present, so skipping root file system
done.
Begin: Running /scripts/local-bottom ... done.
Begin: Running /scripts/init-bottom ... done.
[   3.773606] systemd[1]: systemd 229 running in system mode. (+PAM +AUDIT +SELINUX +IMA +APPARMOR +SMACK +SYSVINIT +UTMP +LIBCRYPTSETUP +GCRYPT +GNUTLS +ACL +XZ -LZ4 +SECCOMP +BLKID +ELFUTILS +KMOD -IDN)
[   32.034725] systemd[1]: Detected virtualization oracle.
[   32.041657] systemd[1]: Detected architecture x86-64.

Welcome to [1mUbuntu 16.04.7 LTS[0m!

[   32.060074] systemd[1]: Set hostname to <ubuntu>.
[   32.087396] systemd[1]: Initializing machine ID from random generator.
[   32.096329] systemd[1]: Installed transient /etc/machine-id file.
[ 320732] systemd[1: Created slice User and Session Slice.
[[0;32m  OK  [0m] Created slice User and Session Slice.
[   32.466610] systemd[1]: Set up automount Arbitrary Executable File Formats File System Automount Point.
[[0;32m  OK  [0m] Set up automount Arbitrary Executab...ats File System Automount Point.
[   32132]ysmd]:eahed arget System TimeSyhrized.

[[0;32m  OK  [0m] Reached target System Time Synchronized.
[   32.973253] systemd[1]: Created slice System Slice.
[[0;32m  OK  [0m] Created slice System Slice.
[   32.976230] systemd[1]: Reaced taretwa. [[0;32m  OK  [0m] Reached target Swap.
[   33.539673] systemd[1]: Listening on Journal Socket (/dev/log).
[[0;32m  OK  [0m] Listening on Journal Socket (/dev/log).
[ 33505]ystem1]: Create sice system-serial2dtty.sli.
[[0;32m  OK  [0m] Created slice[   34.509602] random: nonblocking pool is initialized
 system-serial\x2dgetty.slice.
[   5.511307] systemd[1]: Listenig on Syslog Socket.
[[0;32m  OK  [0m] Listening on Syslog Socket.
[  38582systmd]: Listenig  /v/itl mpibility Nam Ppe
[[0;32m  OK  [0m] Listening on /dev/initctl Compatibility Named Pipe.
[ 364792 systemd[1] Reached target User and Grou Ne okup.
[[0;32m  OK  [0m] Reached target User and Group Name Lookups.
[ 36.947445]ysmd]:Listening on uevKeeloct.
[[0;32m  OK  [0m] Listening on udev Kernel Socket.
[   37.75317] syem1]Reached tageEnypted Volumes.
[[0;32m  OK  [0m] Reached target Encrypted Volumes.
[   37.818329] systemd[1]: Started Forward Password Requests to Wall Directory Watch.
[[0;32m  OK  [0m] Started Forward Password Requests to Wall Directory Watch.
[   37.825240] systemd[1]: Listening on Device-mapper event daemon FIFOs.
[[0;32m  OK  [0m] Listening on Device-mapper event daemon FIFOs.
[   37.836226] systemd[1]: Listening on Journal Socket.
[[0;32m  OK  [0m] Listening on Journal Socket.
[   37.855010] systemd[1]: Mounting Huge Pages File System...
         Mounting Huge Pages File System...
[   37.858774] systemd[1]: Mounting Debug File System...
         Mounting Debug File System...
[   37.867936] systemd[1]: Starting Remount Root and Kernel File Systems...
         [   37.955571] EXT4-fs (sda1): re-mounted. Opts: (null)
Starting Remount Root and Kernel File Systems...
[   38.011285] systemd[1]: Starting Load Kernel Modules...
         Starting Load Ke[   38.048238] Loading iSCSI transport class v2.0-870.
rnel Modules...[   38.105388] iscsi: registered transport (tcp)

[   38.159079] systemd[1]: Starting Uncomplicated firewall...
         Starting Uncompl[   38.205645] iscsi: registered transport (iser)
icated firewall...
[   38.327091] systemd[1]: Starting Nameserver information manager...
         Starting Nameserver information manager...
[   38.423421] systemd[1]: Starting Set console keymap...
         Starting Set console keymap...
[   38.446634] systemd[1]: Starting Create list of required static device nodes for the current kernel...
         Starting Create list of required st... nodes for the current kernel...
[   38.518000] systemd[1]: Reached target Slices.
[[0;32m  OK  [0m] Reached target Slices.
[   38.595316] systemd[1]: Mounting POSIX Message Queue File System...
         Mounting POSIX Message Queue File System...
[  38.6928]ysemd[1]: Listeng o LVM2 metadata daemon sock.

[[0;32m  OK  [0m] Listening on LVM2 metadata daemon socket.
[   38.975537] systemd[1]: Starting Monitoring of LVM2 mirrors, snapshots etc. using dmeventd or progress polling...
         Starting Monitoring of LVM2 mirrors... dmeventd or progress polling...
[   39.002097] systemd[1]: Listening on udev Control Socket.
[[0;32m  OK  [0m] Listening on udev Control Socket.
[ 39941]ystemd[1]Lieng on Jourl Audit Socket.
[[0;32m  OK  [0m] Listening on Journal Audit Socket.
[   39.519123] systemd[1]: Starting Journal Service...
         Starting Journal Service...
[   39.525271] systemd[1]: Listening on LVM2 poll daemon socket.
[[0;32m  OK  [0m] Listening on LVM2 poll daemon socket.
[   39.534949] systemd[1]: Started Trigger resolvconf update for networkd DNS.
[[0;32m  OK  [0m] Started Trigger resolvconf update for networkd DNS.
[   39.695179] systemd[1]: Mounted POSIX Message Queue File System.
[[0;32m  OK  [0m] Mounted POSIX Message Queue File System.
[   39.763569] systemd[1]: Mounted Huge Pages File System.
[[0;32m  OK  [0m] Mounted Huge Pages File System.
[ 39674]ysemd[1]: Mounted Debug File System.
[[0;32m  OK  [0m] Mounted Debug File System.
[   40.104767] systemd[1]: Started Journal Service.
[[0;32m  OK  [0m] Started Journal Service.
[[0;32m  OK  [0m] Started Remount Root and Kernel File Systems.
[[0;32m  OK  [0m] Started Load Kernel Modules.
[[0;32m  OK  [0m] Started Uncomplicated firewall.
[[0;32m  OK  [0m] Started Set console keymap.
[[0;32m  OK  [0m] Started Create list of required sta...ce nodes for the current kernel.
[[0;32m  OK  [0m] Started Nameserver information manager.
[[0;32m  OK  [0m] Started LVM2 metadata daemon.
         Starting Create Static Device Nodes in /dev...
         Mounting FUSE Control File System...
         Starting Apply Kernel Variables...
         Starting udev Coldplug all Devices...
         Starting Load/Save Random Seed...
         Starting Flush Journal to Persistent Storage...
[[0;32m  OK  [0m] Mounted FUSE Control File System.
[[0;32m  OK  [0m] Started Monitoring of LVM2 mirrors,...ng dmeventd or progress polling.
[[0;32m  OK  [0m] Started Create Static Device Nodes in /dev.
[[0;32m  OK  [0m] Started Apply Kernel Variables.
[[0;32m  OK  [0m] Started Load/Save Random Seed.
[[0;32m  OK  [0m] Started udev Coldplug all Devices.
         Starting udev Kernel Device Manager...
[[0;32m  OK  [0m] Reached target Local File Systems (Pre).
[[0;32m  OK  [0m] Reached target Local File Systems.
         Starting Commit a transient machine-id on disk...
         Starting Tell Plymouth To Write Out Runtime Data...
         Starting LSB: AppArmor initialization...
         Starting Initial cloud-init job (pre-networking)...
         Starting Set console font and keymap...
[[0;32m  OK  [0m] Started udev Kernel Device Manager.
[[0;32m  OK  [0m] Started Commit a transient machine-id on disk.
[[0;32m  OK  [0m] Started Tell Plymouth To Write Out Runtime Data.
[[0;32m  OK  [0m] Started Dispatch Password Requests to Console Directory Watch.
[[0;32m  OK  [0m] Started Flush Journal to Persistent Storage.
         Starting Create Volatile Files and Directories...
[[0;32m  OK  [0m] Started Create Volatile Files and Directories.
         Starting Update UTMP about System Boot/Shutdown...
[[0;32m  OK  [0m] Started Update UTMP about System Boot/Shutdown.
[[0;32m  OK  [0m] Found device /dev/ttyS0.
[[0;32m  OK  [0m] Listening on Load/Save RF Kill Switch Status /dev/rfkill Watch.
[[0;32m  OK  [0m] Started Set console font and keymap.
[[0;32m  OK  [0m] Created slice system-getty.slice.
[   30.372461] cloud-init[475]: Cloud-init v. 20.3-2-g371b392c-0ubuntu1~16.04.1 running 'init-local' at Fri, 09 Oct 2020 13:56:36 +0000. Up 29.93 seconds.
[[0;32m  OK  [0m] Started LSB: AppArmor initialization.
         Starting Load AppArmor profiles managed internally by snapd...
[[0;32m  OK  [0m] Started Initial cloud-init job (pre-networking).
[[0;32m  OK  [0m] Started Load AppArmor profiles managed internally by snapd.
[[0;32m  OK  [0m] Reached target Network (Pre).
         Starting Raise network interfaces...
[[0;32m  OK  [0m] Started Raise network interfaces.
[[0;32m  OK  [0m] Reached target Network.
         Starting Initial cloud-init job (metadata service crawler)...
[   31.758718] cloud-init[941]: Cloud-init v. 20.3-2-g371b392c-0ubuntu1~16.04.1 running 'init' at Fri, 09 Oct 2020 13:56:37 +0000. Up 31.26 seconds.
[   31.821595] cloud-init[941]: ci-info: +++++++++++++++++++++++++++++++++++++Net device info++++++++++++++++++++++++++++++++++++++
[   31.822126] cloud-init[941]: ci-info: +--------+------+---------------------------+---------------+--------+-------------------+
[[0;32m  OK  [0m] Started Initial cloud-init job (metadata service crawler).
[[   31.822415] cloud-init[941]: ci-info: | Device |  Up  |          Address          |      Mask     | Scope  |     Hw-Address    |
[   32.045534] cloud-init[941]: ci-info: +--------+------+---------------------------+---------------+--------+-------------------+
[0;32m  OK  [0m] Reached target System Initialization.
[   32.045813] cloud-init[941]: ci-info: | enp0s3 | True |         10.0.2.15         | 255.255.255.0 | global | 02:b3:05:6c:a8:f5 |
[   32.116534] cloud-init[941]: ci-info: | enp0s3 | True | fe80::b3:5ff:fe6c:a8f5/64 |       .       |  link  | 02:b3:05:6c:a8:f5 |
[   32.117130] cloud-init[941]: ci-info: |   lo   | True |         127.0.0.1         |   255.0.0.0   |  host  |         .         |
[   32.118212] cloud-init[941]: ci-info: |   lo   | True |          ::1/128          |       .       |  host  |         .         |
         Starting Socket activation for snappy daemon.
[[   32.119012] cloud-init[941]: ci-info: +--------+------+---------------------------+---------------+--------+-------------------+
[   32.470218] cloud-init[941]: ci-info: +++++++++++++++++++++++++++Route IPv4 info++++++++++++++++++++++++++++
[0;32m  OK  [0m] Started Message of the Day.
[   32.470489] cloud-init[941]: ci-info: +-------+-------------+----------+---------------+-----------+-------+
[   32.610202] cloud-init[941]: ci-info: | Route | Destination | Gateway  |    Genmask    | Interface | Flags |
         [   32.611329] Starting LXD - unix socket.cloud-init
[941]: ci-info: +-------+-------------+----------+---------------+-----------+-------+
[   32.611779] cloud-init[941]: ci-info: |   0   |   0.0.0.0   | 10.0.2.2 |    0.0.0.0    |   enp0s3  |   UG  |
[   32.686884] cloud-init[941]: ci-info: |   1   |   10.0.2.0  | 0.0.0.0  | 255.255.255.0 |   enp0s3  |   U   |
[   32.692357] cloud-init[941]: ci-info: +-------+-------------+----------+---------------+-----------+-------+
[   32.705457] cloud-init[941]: ci-info: +++++++++++++++++++Route IPv6 info+++++++++++++++++++
[   32.706036] cloud-init[941]: ci-info: +-------+-------------+---------+-----------+-------+
[   32.706614] cloud-init[941]: ci-info: | Route | Destination | Gateway | Interface | Flags |
[   32.707377] cloud-init[941]: ci-info: +-------+-------------+---------+-----------+-------+
[   32.707743] cloud-init[941]: ci-info: |   0   |  fe80::/64  |    ::   |   enp0s3  |   U   |
[   32.708505] cloud-init[941]: ci-info: |   3   |   ff00::/8  |    ::   |   enp0s3  |   U   |
[   32.708920] cloud-init[941]: ci-info: +-------+-------------+---------+-----------+-------+
[   32.709365] cloud-init[941]: Generating public/private rsa key pair.
[[0;32m  OK  [0m] Started ACPI Events Check.
[   32.709707] cloud-init[941]: Your identification has been saved in /etc/ssh/ssh_host_rsa_key.
[   32.938900] cloud-init[941]: Your public key has been saved in /etc/ssh/ssh_host_rsa_key.pub.
[   32.939350] cloud-init[941]: The key fingerprint is:
[[0;32m  OK  [0m] Reached target Paths.
[[   32.939397] cloud-init[941]: SHA256:d5eQ0uKWNmRU0rP7D6qsYIzcJLEAyq0JyWiIR8sHisU root@ubuntu-xenial
[   33.077668] cloud-init[941]: The key's randomart image is:
[0;32m  OK  [0m] Listening on ACPID Listen Socket.
[   33.077908] cloud-init[941]: +---[RSA 2048]----+
[[   33.203737] cloud-init[941]: |..+       oo.    |
[   33.205156] cloud-init[941]: |OBEo     . oo.   |
[   33.206502] cloud-init[941]: |X+=.o     = +o   |
[   33.207013] cloud-init[941]: |o.oo o   + +.. . |
[   33.208263] cloud-init[941]: | o  o . S B ..o  |
[   33.208687] cloud-init[941]: |   . *   + o..   |
[   33.209255] cloud-init[941]: |    o =      ..  |
[0;32m  OK  [0m] Started Daily apt download activities.
[[   33.209350] cloud-init[941]: |     . . .   ... |
[   33.386733] cloud-init[941]: |        ..o..  ..|
[0;32m  OK  [0m] Started Daily apt upgrade and clean activities.
[   33.387708] cloud-init[941]: +----[SHA256]-----+
[   33.481722] cloud-init[941]: Generating public/private dsa key pair.
[   33.482376] cloud-init[941]: Your identification has been saved in /etc/ssh/ssh_host_dsa_key.
[   33.483024] cloud-init[941]: Your public key has been saved in /etc/ssh/ssh_host_dsa_key.pub.
[   33.483580] cloud-init[941]: The key fingerprint is:
[[0;32m  OK  [0m] Listening on UUID daemon activation socket.
[[   33.484102] cloud-init[941]: SHA256:EzUmzWXFRzCRsQlbyWdv774zOk68JsC4Mp9a4GyIF2s root@ubuntu-xenial
[   33.558348] cloud-init[941]: The key's randomart image is:
[   33.558559] cloud-init[941]: +---[DSA 1024]----+
[   33.558812] cloud-init[941]: |        .o+.++BB.|
[   33.559071] cloud-init[941]: |         +oo +=++|
[   33.559330] cloud-init[941]: |        .   . o+.|
[   33.559627] cloud-init[941]: |         .      o|
[   33.559893] cloud-init[941]: |   . .  S      ..|
[0;32m  OK  [0m] Listening on D-Bus System Message Bus Socket.
[   33.560250] cloud-init[941]: |  . * .. +  .   .|
[   33.717643] cloud-init[941]: | . E + .. .  o . |
[[0;32m  OK  [0m] Started Daily Cleanup of Temporary Directories.
[   33.717884] cloud-init[941]: |  o .o...  ..o.o.|
[   33.773641] cloud-init[941]: |     .=o    ++oo=|
[[0;32m  OK  [0m] Reached target Timers.
[   33.774134] cloud-init[941]: +----[SHA256]-----+
[[   33.800249] cloud-init[941]: Generating public/private ecdsa key pair.
[   33.801671] cloud-init[941]: Your identification has been saved in /etc/ssh/ssh_host_ecdsa_key.
[0;32m  OK  [0m] Reached target Cloud-config availability.
[   33.802665] cloud-init[941]: Your public key has been saved in /etc/ssh/ssh_host_ecdsa_key.pub.
[   33.837873] cloud-init[941]: The key fingerprint is:
[   33.838488] cloud-init[941]: SHA256:scjwgooF++c5/MnC7hg8fo4xvQ7pfDsBZhMu7pT6KwI root@ubuntu-xenial
[   33.839335] cloud-init[941]: The key's randomart image is:
[   33.839678] cloud-init[941]: +---[ECDSA 256]---+
[[0;32m  OK  [0m] Reached target Network is Online.
[   33.840243] cloud-init[941]: |                 |
[   33.872538] cloud-init[941]: |  .              |
         Starting iSCSI initiator daemon (iscsid)...
[   33.873709] cloud-init[941]: |.. ..   .        |
[   33.949823] cloud-init[941]: |.o*. + . o       |
[[0;32m  OK  [0m] Listening on Socket activation for snappy daemon.
[   33.951722] cloud-init[941]: |o++o. + S        |
[[0;32m  OK  [0m[   34.052690] cloud-init[941]: |EO o..           |
[   34.054882] cloud-init[941]: |B Xoo.           |
] Listening on LXD - unix socket.
[   34.055369] cloud-init[941]: |+= @O+ .         |
[   34.200464] cloud-init[941]: |.oOOX*+          |
[   34.200961] cloud-init[941]: +----[SHA256]-----+
[[0;32m  OK  [0m] Reached target Sockets.
[[   34.201265] cloud-init[941]: Generating public/private ed25519 key pair.
[   34.313284] cloud-init[941]: Your identification has been saved in /etc/ssh/ssh_host_ed25519_key.
[0;32m  OK  [0m] Reached target Basic System.
[   34.313656] cloud-init[941]: Your public key has been saved in /etc/ssh/ssh_host_ed25519_key.pub.
[   34.492700] cloud-init[941]: The key fingerprint is:
[   34.493266] cloud-init[941]: SHA256:GPx437fwYJielDvJCAM/nkkJlkm82xiN29AYhzxxTII root@ubuntu-xenial
[   34.493735] cloud-init[941]: The key's randomart image is:
         Starting LSB: Record successful boot for GRUB...
[   34.494198] cloud-init[941]: +--[ED25519 256]--+
[   34.712930] cloud-init[941]: |   +o=o          |
[   34.713574] cloud-init[941]: |  E B+o          |
[[0;32m  OK  [0m] Started ACPI event daemon.
[   34.713898] cloud-init[941]: |   . %o          |
[   34.776781] cloud-init[941]: |    % o=         |
[   34.777580] cloud-init[941]: |   . %o.S        |
[[0;32m  OK  [0m] Started FUSE filesystem for LXC.
[   34.777924] cloud-init[941]: |    + X. . =     |
[   34.920363] cloud-init[941]: |     o * o*.= .  |
[   34.921120] cloud-init[941]: |      + .o++ = . |
         Starting Accounts Service...
[   34.923013] cloud-init[941]: |          +.  o  |
[   34.936165] cloud-init[941]: +----[SHA256]-----+
         Starting LXD - container startup/shutdown...
[[0;32m  OK  [0m] Started Deferred execution scheduler.
         Starting Virtualbox guest utils...
         Starting Pollinate to seed the pseudo random number generator...
         Starting Snap Daemon...
         Starting System Logging Service...
         Starting Login Service...
         Starting /etc/rc.local Compatibility...
         Starting LSB: MD monitoring daemon...
[[0;32m  OK  [0m] Started Regular background program processing daemon.
[[0;32m  OK  [0m] Started D-Bus System Message Bus.
[[0;32m  OK  [0m] Started System Logging Service.
[[0;32m  OK  [0m] Started iSCSI initiator daemon (iscsid).
[[0;32m  OK  [0m] Started LXD - container startup/shutdown.
[[0;32m  OK  [0m] Started /etc/rc.local Compatibility.
[[0;32m  OK  [0m] Started Login Service.
[[0;32m  OK  [0m] Started LSB: Record successful boot for GRUB.
[[0;32m  OK  [0m] Started Virtualbox guest utils.
[[0;32m  OK  [0m] Started LSB: MD monitoring daemon.
[[0;32m  OK  [0m] Started Unattended Upgrades Shutdown.
         Starting Authenticate and Authorize Users to Run Privileged Tasks...
         Starting Login to default iSCSI targets...
[[0;32m  OK  [0m] Started Snap Daemon.
[[0;32m  OK  [0m] Started Authenticate and Authorize Users to Run Privileged Tasks.
[[0;32m  OK  [0m] Started Accounts Service.
         Starting Wait until snapd is fully seeded...
[[0;32m  OK  [0m] Started Login to default iSCSI targets.
[[0;32m  OK  [0m] Reached target Remote File Systems (Pre).
[[0;32m  OK  [0m] Reached target Remote File Systems.
         Starting LSB: automatic crash report generation...
         Starting Permit User Sessions...
         Starting LSB: daemon to balance interrupts for SMP systems...
         Starting LSB: Set the CPU Frequency Scaling governor to "ondemand"...
[[0;32m  OK  [0m] Started Permit User Sessions.
         Starting Terminate Plymouth Boot Screen...
         Starting Hold until boot process finishes up...
[[0;32m  OK  [0m] Started Terminate Plymouth Boot Screen.
[[0;32m  OK  [0m] Started LSB: daemon to balance interrupts for SMP systems.
[[0;32m  OK  [0m] Started LSB: automatic crash report generation.
[[0;32m  OK  [0m] Started LSB: Set the CPU Frequency Scaling governor to "ondemand".
[[0;32m  OK  [0m] Started Hold until boot process finishes up.
         Starting Set console scheme...
[[0;32m  OK  [0m] Started Serial Getty on ttyS0.
[[0;32m  OK  [0m] Started Getty on tty1.
[[0;32m  OK  [0m] Reached target Login Prompts.
[[0;32m  OK  [0m] Started Set console scheme.
[[0;32m  OK  [0m] Started Pollinate to seed the pseudo random number generator.
         Starting OpenBSD Secure Shell server...
[[0;32m  OK  [0m] Started OpenBSD Secure Shell server.
[[0;32m  OK  [0m] Created slice User Slice of vagrant.
         Starting User Manager for UID 1000...
[[0;32m  OK  [0m] Started User Manager for UID 1000.
[[0;32m  OK  [0m] Started Session 1 of user vagrant.
[[0;32m  OK  [0m] Started Wait until snapd is fully seeded.
[[0;32m  OK  [0m] Reached target Multi-User System.
[[0;32m  OK  [0m] Reached target Graphical Interface.
         Starting Update UTMP about System Runlevel Changes...
         Starting Apply the settings specified in cloud-config...
[[0;32m  OK  [0m] Started Update UTMP about System Runlevel Changes.
         Stopping User Manager for UID 1000...
[[0;32m  OK  [0m] Stopped User Manager for UID 1000.
[[0;32m  OK  [0m] Removed slice User Slice of vagrant.
[[0;32m  OK  [0m] Created slice User Slice of vagrant.
[   38.678193] cloud-init[1466]: Generating locales (this might take a while)...
         Starting User Manager for UID 1000...
[[0;32m  OK  [0m] Started Session 2 of user vagrant.
[[0;32m  OK  [0m] Started User Manager for UID 1000.
[   39.434357] cloud-init[1466]:   en_US.UTF-8... done
[   39.453807] cloud-init[1466]: Generation complete.
[   39.728165] cloud-init[1466]: Cloud-init v. 20.3-2-g371b392c-0ubuntu1~16.04.1 running 'modules:config' at Fri, 09 Oct 2020 13:56:44 +0000. Up 38.51 seconds.
[[0;32m  OK  [0m] Started Apply the settings specified in cloud-config.
         Starting Execute cloud user/final scripts...
ci-info: no authorized SSH keys fingerprints found for user ubuntu.
<14>Oct  9 13:56:46 ec2: 
<14>Oct  9 13:56:46 ec2: #############################################################
<14>Oct  9 13:56:46 ec2: -----BEGIN SSH HOST KEY FINGERPRINTS-----
<14>Oct  9 13:56:46 ec2: 1024 SHA256:EzUmzWXFRzCRsQlbyWdv774zOk68JsC4Mp9a4GyIF2s root@ubuntu-xenial (DSA)
<14>Oct  9 13:56:46 ec2: 256 SHA256:scjwgooF++c5/MnC7hg8fo4xvQ7pfDsBZhMu7pT6KwI root@ubuntu-xenial (ECDSA)
<14>Oct  9 13:56:46 ec2: 256 SHA256:GPx437fwYJielDvJCAM/nkkJlkm82xiN29AYhzxxTII root@ubuntu-xenial (ED25519)
<14>Oct  9 13:56:46 ec2: 2048 SHA256:d5eQ0uKWNmRU0rP7D6qsYIzcJLEAyq0JyWiIR8sHisU root@ubuntu-xenial (RSA)
<14>Oct  9 13:56:46 ec2: -----END SSH HOST KEY FINGERPRINTS-----
<14>Oct  9 13:56:46 ec2: #############################################################
-----BEGIN SSH HOST KEY KEYS-----
ecdsa-sha2-nistp256 AAAAE2VjZHNhLXNoYTItbmlzdHAyNTYAAAAIbmlzdHAyNTYAAABBBC32t5uOQYcaHLEJOTUCTLt9zcKXxtuVaqZ3KC4K53klKnW2oOighPHEskbiGFm2g6nl20c837Pdw5GlH9NQDaw= root@ubuntu-xenial
ssh-ed25519 AAAAC3NzaC1lZDI1NTE5AAAAIKjbQWvqVk55Sywe8tw4yOANa94wLgeGggTKz4GfNf9Y root@ubuntu-xenial
ssh-rsa AAAAB3NzaC1yc2EAAAADAQABAAABAQCWSdZyLND1QosUa1w1UckMqo7Athsc0ln5tez+JBXCFOU4nG+m2dOHZXc8lLmWg+Vf/J+JcjwofC9Be3YsHYJFHI7tKAcyoI+O7oBZ25gsMcsYq8RrOSivq4YHnulpryqLg6RMzo2OHO1/pWQV6d/lURFRxEs756bsC2cZOovwNbe8CjMNBfIWLMuSz89v+I+/wz64xl3iXUzA19r+v8oQme+92cGPxOYKd0z8arC7QleVc+UugdEMyzmoRGq31KfHS+mTwK8w+c5h+GQymLrP0927mfbfAQ8z9dSAK3lfVjNzBRwM4NRXzwrJ1w88xTi0HGl5bIMPOPpfXG8bBBO7 root@ubuntu-xenial
-----END SSH HOST KEY KEYS-----
[   40.556349] cloud-init[1611]: Cloud-init v. 20.3-2-g371b392c-0ubuntu1~16.04.1 running 'modules:final' at Fri, 09 Oct 2020 13:56:46 +0000. Up 40.13 seconds.
[   40.564716] cloud-init[1611]: ci-info: no authorized SSH keys fingerprints found for user ubuntu.
[   40.576424] cloud-init[1611]: Cloud-init v. 20.3-2-g371b392c-0ubuntu1~16.04.1 finished at Fri, 09 Oct 2020 13:56:46 +0000. Datasource DataSourceNoCloud [seed=/dev/sdb][dsmode=net].  Up 40.54 seconds

Ubuntu 16.04.7 LTS ubuntu-xenial ttyS0

ubuntu-xenial login: [21092.255059] e1000 0000:00:03.0 enp0s3: Reset adapter
[21138.486174] e1000 0000:00:03.0 enp0s3: Detected Tx Unit Hang
[21138.486174]   Tx Queue             <0>
[21138.486174]   TDH                  <13>
[21138.486174]   TDT                  <15>
[21138.486174]   next_to_use          <15>
[21138.486174]   next_to_clean        <13>
[21138.486174] buffer_info[next_to_clean]
[21138.486174]   time_stamp           <1004f7212>
[21138.486174]   next_to_watch        <14>
[21138.486174]   jiffies              <1004f741b>
[21138.486174]   next_to_watch.status <0>
[21140.826274] e1000 0000:00:03.0 enp0s3: Detected Tx Unit Hang
[21140.826274]   Tx Queue             <0>
[21140.826274]   TDH                  <13>
[21140.826274]   TDT                  <15>
[21140.826274]   next_to_use          <15>
[21140.826274]   next_to_clean        <13>
[21140.826274] buffer_info[next_to_clean]
[21140.826274]   time_stamp           <1004f7212>
[21140.826274]   next_to_watch        <14>
[21140.826274]   jiffies              <1004f7664>
[21140.826274]   next_to_watch.status <0>
[21143.030294] e1000 0000:00:03.0 enp0s3: Detected Tx Unit Hang
[21143.030294]   Tx Queue             <0>
[21143.030294]   TDH                  <13>
[21143.030294]   TDT                  <15>
[21143.030294]   next_to_use          <15>
[21143.030294]   next_to_clean        <13>
[21143.030294] buffer_info[next_to_clean]
[21143.030294]   time_stamp           <1004f7212>
[21143.030294]   next_to_watch        <14>
[21143.030294]   jiffies              <1004f788b>
[21143.030294]   next_to_watch.status <0>
[21145.034389] e1000 0000:00:03.0 enp0s3: Reset adapter
[21145.078326] e1000 0000:00:03.0 enp0s3: Detected Tx Unit Hang
[21145.078326]   Tx Queue             <0>
[21145.078326]   TDH                  <13>
[21145.078326]   TDT                  <15>
[21145.078326]   next_to_use          <15>
[21145.078326]   next_to_clean        <13>
[21145.078326] buffer_info[next_to_clean]
[21145.078326]   time_stamp           <1004f7212>
[21145.078326]   next_to_watch        <14>
[21145.078326]   jiffies              <1004f7a8b>
[21145.078326]   next_to_watch.status <0>
